Archive member included because of file (symbol)

c:/altera/11.1/nios2eds/bin/gnu/h-i686-mingw32/bin/../lib/gcc/nios2-elf/4.1.2\libgcc.a(_gt_sf.o)
                              obj/default/tasks/barbecue.o (__gtsf2)
c:/altera/11.1/nios2eds/bin/gnu/h-i686-mingw32/bin/../lib/gcc/nios2-elf/4.1.2\libgcc.a(_sf_to_si.o)
                              obj/default/tasks/output.o (__fixsfsi)
c:/altera/11.1/nios2eds/bin/gnu/h-i686-mingw32/bin/../lib/gcc/nios2-elf/4.1.2\libgcc.a(_sf_to_df.o)
                              obj/default/tasks/barbecue.o (__extendsfdf2)
c:/altera/11.1/nios2eds/bin/gnu/h-i686-mingw32/bin/../lib/gcc/nios2-elf/4.1.2\libgcc.a(_addsub_df.o)
                              obj/default/tasks/barbecue.o (__adddf3)
c:/altera/11.1/nios2eds/bin/gnu/h-i686-mingw32/bin/../lib/gcc/nios2-elf/4.1.2\libgcc.a(_mul_df.o)
                              obj/default/tasks/barbecue.o (__muldf3)
c:/altera/11.1/nios2eds/bin/gnu/h-i686-mingw32/bin/../lib/gcc/nios2-elf/4.1.2\libgcc.a(_si_to_df.o)
                              obj/default/tasks/barbecue.o (__floatsidf)
c:/altera/11.1/nios2eds/bin/gnu/h-i686-mingw32/bin/../lib/gcc/nios2-elf/4.1.2\libgcc.a(_make_df.o)
                              c:/altera/11.1/nios2eds/bin/gnu/h-i686-mingw32/bin/../lib/gcc/nios2-elf/4.1.2\libgcc.a(_sf_to_df.o) (__make_dp)
c:/altera/11.1/nios2eds/bin/gnu/h-i686-mingw32/bin/../lib/gcc/nios2-elf/4.1.2\libgcc.a(_df_to_sf.o)
                              obj/default/tasks/barbecue.o (__truncdfsf2)
c:/altera/11.1/nios2eds/bin/gnu/h-i686-mingw32/bin/../lib/gcc/nios2-elf/4.1.2\libgcc.a(_thenan_df.o)
                              c:/altera/11.1/nios2eds/bin/gnu/h-i686-mingw32/bin/../lib/gcc/nios2-elf/4.1.2\libgcc.a(_addsub_df.o) (__thenan_df)
c:/altera/11.1/nios2eds/bin/gnu/h-i686-mingw32/bin/../lib/gcc/nios2-elf/4.1.2\libgcc.a(_muldi3.o)
                              c:/altera/11.1/nios2eds/bin/gnu/h-i686-mingw32/bin/../lib/gcc/nios2-elf/4.1.2\libgcc.a(_mul_df.o) (__muldi3)
c:/altera/11.1/nios2eds/bin/gnu/h-i686-mingw32/bin/../lib/gcc/nios2-elf/4.1.2\libgcc.a(_clzsi2.o)
                              c:/altera/11.1/nios2eds/bin/gnu/h-i686-mingw32/bin/../lib/gcc/nios2-elf/4.1.2\libgcc.a(_si_to_df.o) (__clzsi2)
c:/altera/11.1/nios2eds/bin/gnu/h-i686-mingw32/bin/../lib/gcc/nios2-elf/4.1.2\libgcc.a(_unpack_sf.o)
                              c:/altera/11.1/nios2eds/bin/gnu/h-i686-mingw32/bin/../lib/gcc/nios2-elf/4.1.2\libgcc.a(_gt_sf.o) (__unpack_f)
c:/altera/11.1/nios2eds/bin/gnu/h-i686-mingw32/bin/../lib/gcc/nios2-elf/4.1.2\libgcc.a(_fpcmp_parts_sf.o)
                              c:/altera/11.1/nios2eds/bin/gnu/h-i686-mingw32/bin/../lib/gcc/nios2-elf/4.1.2\libgcc.a(_gt_sf.o) (__fpcmp_parts_f)
c:/altera/11.1/nios2eds/bin/gnu/h-i686-mingw32/bin/../lib/gcc/nios2-elf/4.1.2\libgcc.a(_make_sf.o)
                              c:/altera/11.1/nios2eds/bin/gnu/h-i686-mingw32/bin/../lib/gcc/nios2-elf/4.1.2\libgcc.a(_df_to_sf.o) (__make_fp)
c:/altera/11.1/nios2eds/bin/gnu/h-i686-mingw32/bin/../lib/gcc/nios2-elf/4.1.2\libgcc.a(_pack_df.o)
                              c:/altera/11.1/nios2eds/bin/gnu/h-i686-mingw32/bin/../lib/gcc/nios2-elf/4.1.2\libgcc.a(_addsub_df.o) (__pack_d)
c:/altera/11.1/nios2eds/bin/gnu/h-i686-mingw32/bin/../lib/gcc/nios2-elf/4.1.2\libgcc.a(_unpack_df.o)
                              c:/altera/11.1/nios2eds/bin/gnu/h-i686-mingw32/bin/../lib/gcc/nios2-elf/4.1.2\libgcc.a(_addsub_df.o) (__unpack_d)
c:/altera/11.1/nios2eds/bin/gnu/h-i686-mingw32/bin/../lib/gcc/nios2-elf/4.1.2\libgcc.a(_clz.o)
                              c:/altera/11.1/nios2eds/bin/gnu/h-i686-mingw32/bin/../lib/gcc/nios2-elf/4.1.2\libgcc.a(_clzsi2.o) (__clz_tab)
c:/altera/11.1/nios2eds/bin/gnu/h-i686-mingw32/bin/../lib/gcc/nios2-elf/4.1.2\libgcc.a(_pack_sf.o)
                              c:/altera/11.1/nios2eds/bin/gnu/h-i686-mingw32/bin/../lib/gcc/nios2-elf/4.1.2\libgcc.a(_make_sf.o) (__pack_f)
c:/altera/11.1/nios2eds/bin/gnu/h-i686-mingw32/bin/../lib/gcc/nios2-elf/4.1.2/../../../../nios2-elf/lib\libc.a(lib_a-memcpy.o)
                              obj/default/util.o (memcpy)
c:/altera/11.1/nios2eds/bin/gnu/h-i686-mingw32/bin/../lib/gcc/nios2-elf/4.1.2/../../../../nios2-elf/lib\libc.a(lib_a-memset.o)
                              obj/default/tasks/output.o (memset)
c:/altera/11.1/nios2eds/bin/gnu/h-i686-mingw32/bin/../lib/gcc/nios2-elf/4.1.2/../../../../nios2-elf/lib\libc.a(lib_a-printf.o)
                              obj/default/main.o (printf)
c:/altera/11.1/nios2eds/bin/gnu/h-i686-mingw32/bin/../lib/gcc/nios2-elf/4.1.2/../../../../nios2-elf/lib\libc.a(lib_a-puts.o)
                              obj/default/main.o (puts)
c:/altera/11.1/nios2eds/bin/gnu/h-i686-mingw32/bin/../lib/gcc/nios2-elf/4.1.2/../../../../nios2-elf/lib\libc.a(lib_a-sprintf.o)
                              obj/default/tasks/output.o (sprintf)
[...]
Memory Configuration

Name             Origin             Length             Attributes
reset            0x00800000         0x00000020
sdram            0x00800020         0x007fffe0
*default*        0x00000000         0xffffffff

Linker script and memory map

LOAD ../Barbecue_bsp//obj/HAL/src/crt0.o
LOAD obj/default/main.o
LOAD obj/default/ps2/ps2.o
LOAD obj/default/ps2/ps2_keyscan.o
LOAD obj/default/tasks/barbecue.o
LOAD obj/default/tasks/butcher.o
LOAD obj/default/tasks/chef.o
LOAD obj/default/tasks/firefighter.o
LOAD obj/default/tasks/input.o
LOAD obj/default/tasks/output.o
LOAD obj/default/util.o
LOAD obj/default/vga/vga.o
LOAD obj/default/vga/vga_font.o
LOAD c:/altera/11.1/nios2eds/bin/gnu/h-i686-mingw32/bin/../lib/gcc/nios2-elf/4.1.2/../../../../nios2-elf/lib\libstdc++.a
LOAD c:/altera/11.1/nios2eds/bin/gnu/h-i686-mingw32/bin/../lib/gcc/nios2-elf/4.1.2/../../../../nios2-elf/lib\libm.a
LOAD c:/altera/11.1/nios2eds/bin/gnu/h-i686-mingw32/bin/../lib/gcc/nios2-elf/4.1.2\libgcc.a
START GROUP
LOAD c:/altera/11.1/nios2eds/bin/gnu/h-i686-mingw32/bin/../lib/gcc/nios2-elf/4.1.2/../../../../nios2-elf/lib\libc.a
LOAD c:/altera/11.1/nios2eds/bin/gnu/h-i686-mingw32/bin/../lib/gcc/nios2-elf/4.1.2\libgcc.a
LOAD ../Barbecue_bsp/\libucosii_bsp.a
END GROUP
LOAD c:/altera/11.1/nios2eds/bin/gnu/h-i686-mingw32/bin/../lib/gcc/nios2-elf/4.1.2\libgcc.a
                0x00800000                __alt_mem_sdram = 0x800000

.entry          0x00800000       0x20
 *(.entry)
 .entry         0x00800000       0x20 ../Barbecue_bsp//obj/HAL/src/crt0.o
                0x00800000                __reset

.exceptions     0x00800020      0x19c
                0x00800020                PROVIDE (__ram_exceptions_start, ABSOLUTE (.))
                0x00800020                . = ALIGN (0x20)
 *(.irq)
 *(.exceptions.entry.label)
 .exceptions.entry.label
                0x00800020        0x0 ../Barbecue_bsp/\libucosii_bsp.a(alt_irq_entry.o)
                0x00800020                alt_irq_entry
 .exceptions.entry.label
                0x00800020        0x0 ../Barbecue_bsp/\libucosii_bsp.a(alt_exception_entry.o)
                0x00800020                alt_exception
 *(.exceptions.entry.user)
 *(.exceptions.entry)
 .exceptions.entry
                0x00800020       0x54 ../Barbecue_bsp/\libucosii_bsp.a(alt_exception_entry.o)
 *(.exceptions.irqtest.user)
 *(.exceptions.irqtest)
 .exceptions.irqtest
                0x00800074       0x10 ../Barbecue_bsp/\libucosii_bsp.a(alt_irq_entry.o)
 *(.exceptions.irqhandler.user)
 *(.exceptions.irqhandler)
 .exceptions.irqhandler
                0x00800084        0x4 ../Barbecue_bsp/\libucosii_bsp.a(alt_irq_entry.o)
 *(.exceptions.irqreturn.user)
 *(.exceptions.irqreturn)
 .exceptions.irqreturn
                0x00800088        0x4 ../Barbecue_bsp/\libucosii_bsp.a(alt_irq_entry.o)
 *(.exceptions.notirq.label)
 .exceptions.notirq.label
                0x0080008c        0x0 ../Barbecue_bsp/\libucosii_bsp.a(alt_irq_entry.o)
 *(.exceptions.notirq.user)
 *(.exceptions.notirq)
 .exceptions.notirq
                0x0080008c        0x8 ../Barbecue_bsp/\libucosii_bsp.a(alt_exception_entry.o)
 *(.exceptions.soft.user)
 *(.exceptions.soft)
 *(.exceptions.unknown.user)
 *(.exceptions.unknown)
 .exceptions.unknown
                0x00800094        0x4 ../Barbecue_bsp/\libucosii_bsp.a(alt_exception_entry.o)
 *(.exceptions.exit.label)
 .exceptions.exit.label
                0x00800098        0x0 ../Barbecue_bsp/\libucosii_bsp.a(alt_irq_entry.o)
 .exceptions.exit.label
                0x00800098        0x0 ../Barbecue_bsp/\libucosii_bsp.a(alt_exception_entry.o)
 *(.exceptions.exit.user)
 *(.exceptions.exit)
 .exceptions.exit
                0x00800098       0x54 ../Barbecue_bsp/\libucosii_bsp.a(alt_exception_entry.o)
 *(.exceptions)
 .exceptions    0x008000ec       0xd0 ../Barbecue_bsp/\libucosii_bsp.a(alt_irq_handler.o)
                0x008000ec                alt_irq_handler
                0x008001bc                PROVIDE (__ram_exceptions_end, ABSOLUTE (.))
                0x00800020                PROVIDE (__flash_exceptions_start, LOADADDR (.exceptions))

.text           0x008001bc    0x1fd6c
                0x008001bc                PROVIDE (stext, ABSOLUTE (.))
 *(.interp)
 *(.hash)
 *(.dynsym)
 *(.dynstr)
 *(.gnu.version)
 *(.gnu.version_d)
 *(.gnu.version_r)
 *(.rel.init)
 *(.rela.init)
 *(.rel.text .rel.text.* .rel.gnu.linkonce.t.*)
 *(.rela.text .rela.text.* .rela.gnu.linkonce.t.*)
 *(.rel.fini)
 *(.rela.fini)
 *(.rel.rodata .rel.rodata.* .rel.gnu.linkonce.r.*)
 *(.rela.rodata .rela.rodata.* .rela.gnu.linkonce.r.*)
 *(.rel.data .rel.data.* .rel.gnu.linkonce.d.*)
 *(.rela.data .rela.data.* .rela.gnu.linkonce.d.*)
 *(.rel.tdata .rel.tdata.* .rel.gnu.linkonce.td.*)
 *(.rela.tdata .rela.tdata.* .rela.gnu.linkonce.td.*)
 *(.rel.tbss .rel.tbss.* .rel.gnu.linkonce.tb.*)
 *(.rela.tbss .rela.tbss.* .rela.gnu.linkonce.tb.*)
 *(.rel.ctors)
 *(.rela.ctors)
 *(.rel.dtors)
 *(.rela.dtors)
 *(.rel.got)
 *(.rela.got)
 *(.rel.sdata .rel.sdata.* .rel.gnu.linkonce.s.*)
 *(.rela.sdata .rela.sdata.* .rela.gnu.linkonce.s.*)
 *(.rel.sbss .rel.sbss.* .rel.gnu.linkonce.sb.*)
 *(.rela.sbss .rela.sbss.* .rela.gnu.linkonce.sb.*)
 *(.rel.sdata2 .rel.sdata2.* .rel.gnu.linkonce.s2.*)
 *(.rela.sdata2 .rela.sdata2.* .rela.gnu.linkonce.s2.*)
 *(.rel.sbss2 .rel.sbss2.* .rel.gnu.linkonce.sb2.*)
 *(.rela.sbss2 .rela.sbss2.* .rela.gnu.linkonce.sb2.*)
 *(.rel.bss .rel.bss.* .rel.gnu.linkonce.b.*)
 *(.rela.bss .rela.bss.* .rela.gnu.linkonce.b.*)
 *(.rel.plt)
 *(.rela.plt)
 *(.rel.dyn)
 *(.init)
 *(.plt)
 *(.text .stub .text.* .gnu.linkonce.t.*)
 .text          0x008001bc       0x94 ../Barbecue_bsp//obj/HAL/src/crt0.o
                0x008001bc                _start
 .text          0x00800250      0x6b4 obj/default/main.o
                0x00800250                createMemory
                0x008002d0                createButcherTask
                0x00800414                createChefTask
                0x00800558                createBarbecueTask
                0x0080064c                createInputTask
                0x008007d8                createOutputTask
                0x00800874                createTasks
                0x008008b0                main
 .text          0x00800904      0x688 obj/default/ps2/ps2.o
                0x00800de4                ps2_init
                0x00800e34                ps2_keyListener
                0x00800e5c                ps2_setLeds
 .text          0x00800f8c        0x0 obj/default/ps2/ps2_keyscan.o
 .text          0x00800f8c      0x464 obj/default/tasks/barbecue.o
                0x00800f8c                barbecueTask
                0x008010b0                handleTemperatureCommand
                0x0080119c                grillSausages
 .text          0x008013f0      0x4bc obj/default/tasks/butcher.o
                0x008013f0                butcherTask
                0x008015e0                setButcherStatus
                0x00801688                createSausage
                0x00801750                handleButcherCommand
                0x00801874                startWorking
 .text          0x008018ac      0x6cc obj/default/tasks/chef.o
                0x008018ac                chefTask
                0x00801950                setChefStatus
                0x008019d4                handleChefCommand
                0x00801a68                checkSausages
                0x00801bc4                insertSausage
                0x00801cf0                removeSausage
                0x00801e4c                turnSausage
 .text          0x00801f78      0x2a8 obj/default/tasks/firefighter.o
                0x00801f78                createFirefighterTimer
                0x00802068                setFFStatus
                0x008020e4                checkBarbecue
 .text          0x00802220      0x408 obj/default/tasks/input.o
                0x00802220                inputTask
                0x00802454                sendCommandToChef
                0x008024c8                sendCommandToButcher
                0x0080253c                sendCommandToBarbecue
                0x008025b0                keyboardCallback
 .text          0x00802628      0x9c8 obj/default/tasks/output.o
                0x00802628                outputTask
                0x00802678                draw_legend
                0x00802888                draw_menue
                0x00802954                draw_bbq
                0x00802c10                draw_fridge
                0x00802cc0                draw_chefStatus
                0x00802ddc                draw_butcherStatus
                0x00802eb4                draw_fireFighterStatus
                0x00802f64                clearValue
                0x00802fac                clearBBQ
 .text          0x00802ff0      0x3a0 obj/default/util.o
                0x00802ff0                printErrorAndHalt
                0x00803020                sendMessage
                0x0080313c                getMemory
                0x00803208                returnMemory
                0x00803294                isQueueFull
                0x00803314                isQueueEmpty
 .text          0x00803390      0x838 obj/default/vga/vga.o
                0x00803484                vga_set_mux
                0x008034c4                vga_dma_init
                0x00803520                vga_pixel
                0x00803584                vga_line
                0x00803718                vga_quad
                0x0080386c                vga_circle
                0x00803b50                vga_clear
                0x00803b90                vga_flush
 .text          0x00803bc8      0x470 obj/default/vga/vga_font.o
                0x00803bc8                vga_selFont
                0x00803c04                vga_setCurPos
                0x00803d38                vga_putc
                0x00803fc0                vga_puts
 .text          0x00804038       0x78 c:/altera/11.1/nios2eds/bin/gnu/h-i686-mingw32/bin/../lib/gcc/nios2-elf/4.1.2\libgcc.a(_gt_sf.o)
                0x00804038                __gtsf2
 .text          0x008040b0       0x94 c:/altera/11.1/nios2eds/bin/gnu/h-i686-mingw32/bin/../lib/gcc/nios2-elf/4.1.2\libgcc.a(_sf_to_si.o)
                0x008040b0                __fixsfsi
 .text          0x00804144       0x54 c:/altera/11.1/nios2eds/bin/gnu/h-i686-mingw32/bin/../lib/gcc/nios2-elf/4.1.2\libgcc.a(_sf_to_df.o)
                0x00804144                __extendsfdf2
 .text          0x00804198      0x504 c:/altera/11.1/nios2eds/bin/gnu/h-i686-mingw32/bin/../lib/gcc/nios2-elf/4.1.2\libgcc.a(_addsub_df.o)
                0x008045a8                __subdf3
                0x00804628                __adddf3
 .text          0x0080469c      0x3c4 c:/altera/11.1/nios2eds/bin/gnu/h-i686-mingw32/bin/../lib/gcc/nios2-elf/4.1.2\libgcc.a(_mul_df.o)
                0x0080469c                __muldf3
 .text          0x00804a60       0xf8 c:/altera/11.1/nios2eds/bin/gnu/h-i686-mingw32/bin/../lib/gcc/nios2-elf/4.1.2\libgcc.a(_si_to_df.o)
                0x00804a60                __floatsidf
 .text          0x00804b58       0x38 c:/altera/11.1/nios2eds/bin/gnu/h-i686-mingw32/bin/../lib/gcc/nios2-elf/4.1.2\libgcc.a(_make_df.o)
                0x00804b58                __make_dp
 .text          0x00804b90       0x74 c:/altera/11.1/nios2eds/bin/gnu/h-i686-mingw32/bin/../lib/gcc/nios2-elf/4.1.2\libgcc.a(_df_to_sf.o)
                0x00804b90                __truncdfsf2
 .text          0x00804c04        0x0 c:/altera/11.1/nios2eds/bin/gnu/h-i686-mingw32/bin/../lib/gcc/nios2-elf/4.1.2\libgcc.a(_thenan_df.o)
 .text          0x00804c04       0x98 c:/altera/11.1/nios2eds/bin/gnu/h-i686-mingw32/bin/../lib/gcc/nios2-elf/4.1.2\libgcc.a(_muldi3.o)
                0x00804c04                __muldi3
 .text          0x00804c9c       0x80 c:/altera/11.1/nios2eds/bin/gnu/h-i686-mingw32/bin/../lib/gcc/nios2-elf/4.1.2\libgcc.a(_clzsi2.o)
                0x00804c9c                __clzsi2
 .text          0x00804d1c       0xc8 c:/altera/11.1/nios2eds/bin/gnu/h-i686-mingw32/bin/../lib/gcc/nios2-elf/4.1.2\libgcc.a(_unpack_sf.o)
                0x00804d1c                __unpack_f
 .text          0x00804de4       0xa8 c:/altera/11.1/nios2eds/bin/gnu/h-i686-mingw32/bin/../lib/gcc/nios2-elf/4.1.2\libgcc.a(_fpcmp_parts_sf.o)
                0x00804de4                __fpcmp_parts_f
 .text          0x00804e8c       0x2c c:/altera/11.1/nios2eds/bin/gnu/h-i686-mingw32/bin/../lib/gcc/nios2-elf/4.1.2\libgcc.a(_make_sf.o)
                0x00804e8c                __make_fp
 .text          0x00804eb8      0x314 c:/altera/11.1/nios2eds/bin/gnu/h-i686-mingw32/bin/../lib/gcc/nios2-elf/4.1.2\libgcc.a(_pack_df.o)
                0x00804eb8                __pack_d
 .text          0x008051cc      0x138 c:/altera/11.1/nios2eds/bin/gnu/h-i686-mingw32/bin/../lib/gcc/nios2-elf/4.1.2\libgcc.a(_unpack_df.o)
                0x008051cc                __unpack_d
 .text          0x00805304        0x0 c:/altera/11.1/nios2eds/bin/gnu/h-i686-mingw32/bin/../lib/gcc/nios2-elf/4.1.2\libgcc.a(_clz.o)
 .text          0x00805304      0x160 c:/altera/11.1/nios2eds/bin/gnu/h-i686-mingw32/bin/../lib/gcc/nios2-elf/4.1.2\libgcc.a(_pack_sf.o)
                0x00805304                __pack_f
 .text          0x00805464       0xa0 c:/altera/11.1/nios2eds/bin/gnu/h-i686-mingw32/bin/../lib/gcc/nios2-elf/4.1.2/../../../../nios2-elf/lib\libc.a(lib_a-memcpy.o)
                0x00805464                memcpy
 .text          0x00805504       0x98 c:/altera/11.1/nios2eds/bin/gnu/h-i686-mingw32/bin/../lib/gcc/nios2-elf/4.1.2/../../../../nios2-elf/lib\libc.a(lib_a-memset.o)
                0x00805504                memset
 .text          0x0080559c       0x78 c:/altera/11.1/nios2eds/bin/gnu/h-i686-mingw32/bin/../lib/gcc/nios2-elf/4.1.2/../../../../nios2-elf/lib\libc.a(lib_a-printf.o)
                0x0080559c                printf
                0x008055e0                _printf_r
 .text          0x00805614       0xb4 c:/altera/11.1/nios2eds/bin/gnu/h-i686-mingw32/bin/../lib/gcc/nios2-elf/4.1.2/../../../../nios2-elf/lib\libc.a(lib_a-puts.o)
                0x00805614                _puts_r
                0x008056b4                puts
 .text          0x008056c8       0xd4 c:/altera/11.1/nios2eds/bin/gnu/h-i686-mingw32/bin/../lib/gcc/nios2-elf/4.1.2/../../../../nios2-elf/lib\libc.a(lib_a-sprintf.o)
                0x008056c8                sprintf
                0x0080573c                _sprintf_r
 .text          0x0080579c       0x90 c:/altera/11.1/nios2eds/bin/gnu/h-i686-mingw32/bin/../lib/gcc/nios2-elf/4.1.2/../../../../nios2-elf/lib\libc.a(lib_a-strcat.o)
                0x0080579c                strcat
 .text          0x0080582c       0x8c c:/altera/11.1/nios2eds/bin/gnu/h-i686-mingw32/bin/../lib/gcc/nios2-elf/4.1.2/../../../../nios2-elf/lib\libc.a(lib_a-strcpy.o)
                0x0080582c                strcpy
 .text          0x008058b8       0x74 c:/altera/11.1/nios2eds/bin/gnu/h-i686-mingw32/bin/../lib/gcc/nios2-elf/4.1.2/../../../../nios2-elf/lib\libc.a(lib_a-strlen.o)
                0x008058b8                strlen
 .text          0x0080592c     0x1f28 c:/altera/11.1/nios2eds/bin/gnu/h-i686-mingw32/bin/../lib/gcc/nios2-elf/4.1.2/../../../../nios2-elf/lib\libc.a(lib_a-vfprintf.o)
                0x00805984                ___vfprintf_internal_r
                0x00807830                __vfprintf_internal
 .text          0x00807854      0x13c c:/altera/11.1/nios2eds/bin/gnu/h-i686-mingw32/bin/../lib/gcc/nios2-elf/4.1.2/../../../../nios2-elf/lib\libc.a(lib_a-wsetup.o)
                0x00807854                __swsetup_r
 .text          0x00807990     0x17cc c:/altera/11.1/nios2eds/bin/gnu/h-i686-mingw32/bin/../lib/gcc/nios2-elf/4.1.2/../../../../nios2-elf/lib\libc.a(lib_a-dtoa.o)
                0x00807ba8                _dtoa_r
 .text          0x0080915c      0x230 c:/altera/11.1/nios2eds/bin/gnu/h-i686-mingw32/bin/../lib/gcc/nios2-elf/4.1.2/../../../../nios2-elf/lib\libc.a(lib_a-fflush.o)
                0x0080915c                _fflush_r
                0x00809358                fflush
 .text          0x0080938c      0x2c0 c:/altera/11.1/nios2eds/bin/gnu/h-i686-mingw32/bin/../lib/gcc/nios2-elf/4.1.2/../../../../nios2-elf/lib\libc.a(lib_a-findfp.o)
                0x008093e4                __sfp_lock_acquire
                0x008093e8                __sfp_lock_release
                0x008093ec                __sinit_lock_acquire
                0x008093f0                __sinit_lock_release
                0x008093f4                __sinit
                0x008094a8                __fp_unlock_all
                0x008094c0                __fp_lock_all
                0x008094d8                _cleanup_r
                0x008094e4                _cleanup
                0x008094f4                __sfmoreglue
                0x0080955c                __sfp
 .text          0x0080964c      0x440 c:/altera/11.1/nios2eds/bin/gnu/h-i686-mingw32/bin/../lib/gcc/nios2-elf/4.1.2/../../../../nios2-elf/lib\libc.a(lib_a-freer.o)
                0x0080964c                _malloc_trim_r
                0x00809778                _free_r
 .text          0x00809a8c      0x49c c:/altera/11.1/nios2eds/bin/gnu/h-i686-mingw32/bin/../lib/gcc/nios2-elf/4.1.2/../../../../nios2-elf/lib\libc.a(lib_a-fvwrite.o)
                0x00809a8c                __sfvwrite_r
 .text          0x00809f28      0x180 c:/altera/11.1/nios2eds/bin/gnu/h-i686-mingw32/bin/../lib/gcc/nios2-elf/4.1.2/../../../../nios2-elf/lib\libc.a(lib_a-fwalk.o)
                0x00809f28                _fwalk_reent
                0x00809ff0                _fwalk
 .text          0x0080a0a8        0x0 c:/altera/11.1/nios2eds/bin/gnu/h-i686-mingw32/bin/../lib/gcc/nios2-elf/4.1.2/../../../../nios2-elf/lib\libc.a(lib_a-impure.o)
 .text          0x0080a0a8       0xc4 c:/altera/11.1/nios2eds/bin/gnu/h-i686-mingw32/bin/../lib/gcc/nios2-elf/4.1.2/../../../../nios2-elf/lib\libc.a(lib_a-locale.o)
                0x0080a0a8                __locale_charset
                0x0080a0b0                _localeconv_r
                0x0080a0bc                localeconv
                0x0080a0cc                _setlocale_r
                0x0080a150                setlocale
 .text          0x0080a16c      0x194 c:/altera/11.1/nios2eds/bin/gnu/h-i686-mingw32/bin/../lib/gcc/nios2-elf/4.1.2/../../../../nios2-elf/lib\libc.a(lib_a-makebuf.o)
                0x0080a16c                __smakebuf_r
 .text          0x0080a300      0x740 c:/altera/11.1/nios2eds/bin/gnu/h-i686-mingw32/bin/../lib/gcc/nios2-elf/4.1.2/../../../../nios2-elf/lib\libc.a(lib_a-mallocr.o)
                0x0080a300                _malloc_r
 .text          0x0080aa40       0xe4 c:/altera/11.1/nios2eds/bin/gnu/h-i686-mingw32/bin/../lib/gcc/nios2-elf/4.1.2/../../../../nios2-elf/lib\libc.a(lib_a-memchr.o)
                0x0080aa40                memchr
 .text          0x0080ab24       0xe0 c:/altera/11.1/nios2eds/bin/gnu/h-i686-mingw32/bin/../lib/gcc/nios2-elf/4.1.2/../../../../nios2-elf/lib\libc.a(lib_a-memmove.o)
                0x0080ab24                memmove
 .text          0x0080ac04      0xff4 c:/altera/11.1/nios2eds/bin/gnu/h-i686-mingw32/bin/../lib/gcc/nios2-elf/4.1.2/../../../../nios2-elf/lib\libc.a(lib_a-mprec.o)
                0x0080ac04                _Bfree
                0x0080ac2c                __hi0bits
                0x0080ac9c                __lo0bits
                0x0080ad60                __mcmp
                0x0080adc0                __ulp
                0x0080ae40                __b2d
                0x0080af60                __ratio
                0x0080b010                _mprec_log10
                0x0080b0a4                __copybits
                0x0080b0fc                __any_on
                0x0080b184                _Balloc
                0x0080b240                __d2b
                0x0080b3bc                __mdiff
                0x0080b548                __lshift
                0x0080b694                __multiply
                0x0080b87c                __i2b
                0x0080b8b8                __multadd
                0x0080b9b8                __pow5mult
                0x0080bad8                __s2b
 .text          0x0080bbf8      0x5f4 c:/altera/11.1/nios2eds/bin/gnu/h-i686-mingw32/bin/../lib/gcc/nios2-elf/4.1.2/../../../../nios2-elf/lib\libc.a(lib_a-reallocr.o)
                0x0080bbf8                _realloc_r
 .text          0x0080c1ec       0x40 c:/altera/11.1/nios2eds/bin/gnu/h-i686-mingw32/bin/../lib/gcc/nios2-elf/4.1.2/../../../../nios2-elf/lib\libc.a(lib_a-s_isinfd.o)
                0x0080c1ec                __isinfd
 .text          0x0080c22c       0x30 c:/altera/11.1/nios2eds/bin/gnu/h-i686-mingw32/bin/../lib/gcc/nios2-elf/4.1.2/../../../../nios2-elf/lib\libc.a(lib_a-s_isnand.o)
                0x0080c22c                __isnand
 .text          0x0080c25c       0x70 c:/altera/11.1/nios2eds/bin/gnu/h-i686-mingw32/bin/../lib/gcc/nios2-elf/4.1.2/../../../../nios2-elf/lib\libc.a(lib_a-sbrkr.o)
                0x0080c25c                _sbrk_r
 .text          0x0080c2cc      0x14c c:/altera/11.1/nios2eds/bin/gnu/h-i686-mingw32/bin/../lib/gcc/nios2-elf/4.1.2/../../../../nios2-elf/lib\libc.a(lib_a-stdio.o)
                0x0080c2cc                __sclose
                0x0080c2d4                __sseek
                0x0080c33c                __swrite
                0x0080c3b8                __sread
 .text          0x0080c418       0xbc c:/altera/11.1/nios2eds/bin/gnu/h-i686-mingw32/bin/../lib/gcc/nios2-elf/4.1.2/../../../../nios2-elf/lib\libc.a(lib_a-strcmp.o)
                0x0080c418                strcmp
 .text          0x0080c4d4       0x78 c:/altera/11.1/nios2eds/bin/gnu/h-i686-mingw32/bin/../lib/gcc/nios2-elf/4.1.2/../../../../nios2-elf/lib\libc.a(lib_a-writer.o)
                0x0080c4d4                _write_r
 .text          0x0080c54c       0xb4 c:/altera/11.1/nios2eds/bin/gnu/h-i686-mingw32/bin/../lib/gcc/nios2-elf/4.1.2/../../../../nios2-elf/lib\libc.a(lib_a-callocr.o)
                0x0080c54c                _calloc_r
 .text          0x0080c600       0x70 c:/altera/11.1/nios2eds/bin/gnu/h-i686-mingw32/bin/../lib/gcc/nios2-elf/4.1.2/../../../../nios2-elf/lib\libc.a(lib_a-closer.o)
                0x0080c600                _close_r
 .text          0x0080c670      0x124 c:/altera/11.1/nios2eds/bin/gnu/h-i686-mingw32/bin/../lib/gcc/nios2-elf/4.1.2/../../../../nios2-elf/lib\libc.a(lib_a-fclose.o)
                0x0080c670                _fclose_r
                0x0080c780                fclose
 .text          0x0080c794       0x74 c:/altera/11.1/nios2eds/bin/gnu/h-i686-mingw32/bin/../lib/gcc/nios2-elf/4.1.2/../../../../nios2-elf/lib\libc.a(lib_a-fstatr.o)
                0x0080c794                _fstat_r
 .text          0x0080c808        0x0 c:/altera/11.1/nios2eds/bin/gnu/h-i686-mingw32/bin/../lib/gcc/nios2-elf/4.1.2/../../../../nios2-elf/lib\libc.a(lib_a-int_errno.o)
 .text          0x0080c808       0x70 c:/altera/11.1/nios2eds/bin/gnu/h-i686-mingw32/bin/../lib/gcc/nios2-elf/4.1.2/../../../../nios2-elf/lib\libc.a(lib_a-isattyr.o)
                0x0080c808                _isatty_r
 .text          0x0080c878       0x78 c:/altera/11.1/nios2eds/bin/gnu/h-i686-mingw32/bin/../lib/gcc/nios2-elf/4.1.2/../../../../nios2-elf/lib\libc.a(lib_a-lseekr.o)
                0x0080c878                _lseek_r
 .text          0x0080c8f0       0x78 c:/altera/11.1/nios2eds/bin/gnu/h-i686-mingw32/bin/../lib/gcc/nios2-elf/4.1.2/../../../../nios2-elf/lib\libc.a(lib_a-readr.o)
                0x0080c8f0                _read_r
 .text          0x0080c968      0x5dc c:/altera/11.1/nios2eds/bin/gnu/h-i686-mingw32/bin/../lib/gcc/nios2-elf/4.1.2\libgcc.a(_udivdi3.o)
                0x0080c968                __udivdi3
 .text          0x0080cf44      0x5b0 c:/altera/11.1/nios2eds/bin/gnu/h-i686-mingw32/bin/../lib/gcc/nios2-elf/4.1.2\libgcc.a(_umoddi3.o)
                0x0080cf44                __umoddi3
 .text          0x0080d4f4      0x258 c:/altera/11.1/nios2eds/bin/gnu/h-i686-mingw32/bin/../lib/gcc/nios2-elf/4.1.2\libgcc.a(_div_df.o)
                0x0080d4f4                __divdf3
 .text          0x0080d74c       0x88 c:/altera/11.1/nios2eds/bin/gnu/h-i686-mingw32/bin/../lib/gcc/nios2-elf/4.1.2\libgcc.a(_eq_df.o)
                0x0080d74c                __eqdf2
 .text          0x0080d7d4       0x88 c:/altera/11.1/nios2eds/bin/gnu/h-i686-mingw32/bin/../lib/gcc/nios2-elf/4.1.2\libgcc.a(_ne_df.o)
                0x0080d7d4                __nedf2
 .text          0x0080d85c       0x88 c:/altera/11.1/nios2eds/bin/gnu/h-i686-mingw32/bin/../lib/gcc/nios2-elf/4.1.2\libgcc.a(_gt_df.o)
                0x0080d85c                __gtdf2
 .text          0x0080d8e4       0x88 c:/altera/11.1/nios2eds/bin/gnu/h-i686-mingw32/bin/../lib/gcc/nios2-elf/4.1.2\libgcc.a(_ge_df.o)
                0x0080d8e4                __gedf2
 .text          0x0080d96c       0x88 c:/altera/11.1/nios2eds/bin/gnu/h-i686-mingw32/bin/../lib/gcc/nios2-elf/4.1.2\libgcc.a(_lt_df.o)
                0x0080d96c                __ltdf2
 .text          0x0080d9f4       0xd8 c:/altera/11.1/nios2eds/bin/gnu/h-i686-mingw32/bin/../lib/gcc/nios2-elf/4.1.2\libgcc.a(_df_to_si.o)
                0x0080d9f4                __fixdfsi
 .text          0x0080dacc      0x194 c:/altera/11.1/nios2eds/bin/gnu/h-i686-mingw32/bin/../lib/gcc/nios2-elf/4.1.2\libgcc.a(_usi_to_df.o)
                0x0080dacc                __floatunsidf
 .text          0x0080dc60      0x14c c:/altera/11.1/nios2eds/bin/gnu/h-i686-mingw32/bin/../lib/gcc/nios2-elf/4.1.2\libgcc.a(lib2-divmod.o)
                0x0080dcdc                __divsi3
                0x0080dd3c                __modsi3
                0x0080dd9c                __udivsi3
                0x0080dda4                __umodsi3
 .text          0x0080ddac       0xc8 c:/altera/11.1/nios2eds/bin/gnu/h-i686-mingw32/bin/../lib/gcc/nios2-elf/4.1.2\libgcc.a(_fpcmp_parts_df.o)
                0x0080ddac                __fpcmp_parts_d
 .text          0x0080de74      0x15c ../Barbecue_bsp/\libucosii_bsp.a(alt_close.o)
                0x0080de74                close
 .text          0x0080dfd0       0x78 ../Barbecue_bsp/\libucosii_bsp.a(alt_dcache_flush.o)
                0x0080dfd0                alt_dcache_flush
 .text          0x0080e048       0x2c ../Barbecue_bsp/\libucosii_bsp.a(alt_dev.o)
 .text          0x0080e074        0x0 ../Barbecue_bsp/\libucosii_bsp.a(alt_errno.o)
 .text          0x0080e074      0x134 ../Barbecue_bsp/\libucosii_bsp.a(alt_fstat.o)
                0x0080e074                fstat
 .text          0x0080e1a8      0x22c ../Barbecue_bsp/\libucosii_bsp.a(alt_iic.o)
                0x0080e1a8                alt_ic_isr_register
                0x0080e1f8                alt_ic_irq_enable
                0x0080e2c0                alt_ic_irq_disable
                0x0080e38c                alt_ic_irq_enabled
 .text          0x0080e3d4      0x124 ../Barbecue_bsp/\libucosii_bsp.a(alt_iic_isr_register.o)
                0x0080e3d4                alt_iic_isr_register
 .text          0x0080e4f8        0x0 ../Barbecue_bsp/\libucosii_bsp.a(alt_irq_entry.o)
 .text          0x0080e4f8        0x0 ../Barbecue_bsp/\libucosii_bsp.a(alt_irq_handler.o)
 .text          0x0080e4f8        0x0 ../Barbecue_bsp/\libucosii_bsp.a(alt_irq_vars.o)
 .text          0x0080e4f8      0x120 ../Barbecue_bsp/\libucosii_bsp.a(alt_isatty.o)
                0x0080e4f8                isatty
 .text          0x0080e618       0xec ../Barbecue_bsp/\libucosii_bsp.a(alt_load.o)
                0x0080e618                alt_load
 .text          0x0080e704      0x150 ../Barbecue_bsp/\libucosii_bsp.a(alt_lseek.o)
                0x0080e704                lseek
 .text          0x0080e854       0xc8 ../Barbecue_bsp/\libucosii_bsp.a(alt_main.o)
                0x0080e854                alt_main
 .text          0x0080e91c      0x180 ../Barbecue_bsp/\libucosii_bsp.a(alt_read.o)
                0x0080e91c                read
 .text          0x0080ea9c       0x60 ../Barbecue_bsp/\libucosii_bsp.a(alt_release_fd.o)
                0x0080ea9c                alt_release_fd
 .text          0x0080eafc      0x114 ../Barbecue_bsp/\libucosii_bsp.a(alt_sbrk.o)
                0x0080eafc                sbrk
 .text          0x0080ec10      0x180 ../Barbecue_bsp/\libucosii_bsp.a(alt_write.o)
                0x0080ec10                write
 .text          0x0080ed90      0x108 ../Barbecue_bsp/\libucosii_bsp.a(alt_env_lock.o)
                0x0080ed90                __env_lock
                0x0080ee3c                __env_unlock
 .text          0x0080ee98      0x2b4 ../Barbecue_bsp/\libucosii_bsp.a(alt_malloc_lock.o)
                0x0080ee98                __malloc_lock
                0x0080eff8                __malloc_unlock
 .text          0x0080f14c     0x2578 ../Barbecue_bsp/\libucosii_bsp.a(os_core.o)
                0x0080f14c                OSEventNameGet
                0x0080f2a8                OSEventNameSet
                0x0080f444                OSEventPendMulti
                0x0080fbd4                OSInit
                0x0080fc2c                OSIntEnter
                0x0080fcd4                OSIntExit
                0x0080fe00                OSSchedLock
                0x0080feb8                OSSchedUnlock
                0x0081004c                OSStart
                0x008100bc                OSStatInit
                0x008101c0                OSTimeTick
                0x00810458                OSVersion
                0x00810478                OS_Dummy
                0x00810494                OS_EventTaskRdy
                0x00810628                OS_EventTaskWait
                0x00810738                OS_EventTaskWaitMulti
                0x0081088c                OS_EventTaskRemove
                0x00810944                OS_EventTaskRemoveMulti
                0x00810a48                OS_EventWaitListInit
                0x00810e14                OS_MemClr
                0x00810e68                OS_MemCopy
                0x00810ed4                OS_Sched
                0x00811044                OS_StrCopy
                0x008110c4                OS_StrLen
                0x0081111c                OS_TaskIdle
                0x008111a4                OS_TaskStat
                0x00811298                OS_TaskStatStkChk
                0x00811360                OS_TCBInit
 .text          0x008116c4      0x1ec ../Barbecue_bsp/\libucosii_bsp.a(os_dbg.o)
                0x008116c4                OSDebugInit
 .text          0x008118b0     0x1f14 ../Barbecue_bsp/\libucosii_bsp.a(os_flag.o)
                0x008118b0                OSFlagAccept
                0x00811cc0                OSFlagCreate
                0x00811e54                OSFlagDel
                0x008121ac                OSFlagNameGet
                0x00812348                OSFlagNameSet
                0x00812520                OSFlagPend
                0x00812d74                OSFlagPendGetFlagsRdy
                0x00812e08                OSFlagPost
                0x00813260                OSFlagQuery
                0x00813524                OS_FlagInit
                0x00813718                OS_FlagUnlink
 .text          0x008137c4      0x994 ../Barbecue_bsp/\libucosii_bsp.a(os_mem.o)
                0x008137c4                OSMemCreate
                0x00813a0c                OSMemGet
                0x00813b68                OSMemNameGet
                0x00813ca0                OSMemNameSet
                0x00813e18                OSMemPut
                0x00813f60                OSMemQuery
                0x00814088                OS_MemInit
 .text          0x00814158     0x16ec ../Barbecue_bsp/\libucosii_bsp.a(os_mutex.o)
                0x00814158                OSMutexAccept
                0x008143b4                OSMutexCreate
                0x0081463c                OSMutexDel
                0x00814a54                OSMutexPend
                0x00815194                OSMutexPost
                0x008154a8                OSMutexQuery
 .text          0x00815844     0x1754 ../Barbecue_bsp/\libucosii_bsp.a(os_q.o)
                0x00815844                OSQAccept
                0x008159c4                OSQCreate
                0x00815c5c                OSQDel
                0x0081600c                OSQFlush
                0x00816100                OSQPend
                0x008164a4                OSQPendAbort
                0x00816678                OSQPost
                0x0081687c                OSQPostFront
                0x00816a88                OSQPostOpt
                0x00816d40                OSQQuery
                0x00816eec                OS_QInit
 .text          0x00816f98      0xe88 ../Barbecue_bsp/\libucosii_bsp.a(os_sem.o)
                0x00816f98                OSSemAccept
                0x00817084                OSSemCreate
                0x008171c4                OSSemDel
                0x00817514                OSSemPend
                0x00817814                OSSemPendAbort
                0x008179e8                OSSemPost
                0x00817b94                OSSemQuery
                0x00817cf0                OSSemSet
 .text          0x00817e20     0x21a4 ../Barbecue_bsp/\libucosii_bsp.a(os_task.o)
                0x00817e20                OSTaskChangePrio
                0x00818444                OSTaskCreate
                0x008186c8                OSTaskCreateExt
                0x00818978                OSTaskDel
                0x00818e34                OSTaskDelReq
                0x00819054                OSTaskNameGet
                0x00819290                OSTaskNameSet
                0x00819504                OSTaskResume
                0x00819824                OSTaskStkChk
                0x00819ad0                OSTaskSuspend
                0x00819d80                OSTaskQuery
                0x00819f48                OS_TaskStkClr
 .text          0x00819fc4      0x6f0 ../Barbecue_bsp/\libucosii_bsp.a(os_time.o)
                0x00819fc4                OSTimeDly
                0x0081a13c                OSTimeDlyHMSM
                0x0081a2a8                OSTimeDlyResume
                0x0081a594                OSTimeGet
                0x0081a624                OSTimeSet
 .text          0x0081a6b4     0x1350 ../Barbecue_bsp/\libucosii_bsp.a(os_tmr.o)
                0x0081a6b4                OSTmrCreate
                0x0081a898                OSTmrDel
                0x0081aa10                OSTmrNameGet
                0x0081ab7c                OSTmrRemainGet
                0x0081ad78                OSTmrStateGet
                0x0081ae74                OSTmrStart
                0x0081aff4                OSTmrStop
                0x0081b220                OSTmrSignal
                0x0081b3e8                OSTmr_Init
 .text          0x0081ba04      0x100 ../Barbecue_bsp/\libucosii_bsp.a(alt_sys_init.o)
                0x0081ba04                alt_irq_init
                0x0081ba38                alt_sys_init
 .text          0x0081bb04      0x148 ../Barbecue_bsp/\libucosii_bsp.a(altera_avalon_jtag_uart_fd.o)
                0x0081bb04                altera_avalon_jtag_uart_read_fd
                0x0081bb5c                altera_avalon_jtag_uart_write_fd
                0x0081bbb4                altera_avalon_jtag_uart_close_fd
                0x0081bbfc                altera_avalon_jtag_uart_ioctl_fd
 .text          0x0081bc4c      0x584 ../Barbecue_bsp/\libucosii_bsp.a(altera_avalon_jtag_uart_init.o)
                0x0081bc4c                altera_avalon_jtag_uart_init
                0x0081c15c                altera_avalon_jtag_uart_close
 .text          0x0081c1d0       0xf4 ../Barbecue_bsp/\libucosii_bsp.a(altera_avalon_jtag_uart_ioctl.o)
                0x0081c1d0                altera_avalon_jtag_uart_ioctl
 .text          0x0081c2c4      0x2ec ../Barbecue_bsp/\libucosii_bsp.a(altera_avalon_jtag_uart_read.o)
                0x0081c2c4                altera_avalon_jtag_uart_read
 .text          0x0081c5b0      0x308 ../Barbecue_bsp/\libucosii_bsp.a(altera_avalon_jtag_uart_write.o)
                0x0081c5b0                altera_avalon_jtag_uart_write
 .text          0x0081c8b8      0xf34 ../Barbecue_bsp/\libucosii_bsp.a(altera_avalon_lcd_16207.o)
                0x0081d08c                altera_avalon_lcd_16207_write
                0x0081d688                altera_avalon_lcd_16207_init
 .text          0x0081d7ec       0x58 ../Barbecue_bsp/\libucosii_bsp.a(altera_avalon_lcd_16207_fd.o)
                0x0081d7ec                altera_avalon_lcd_16207_write_fd
 .text          0x0081d844      0x12c ../Barbecue_bsp/\libucosii_bsp.a(altera_avalon_timer_sc.o)
                0x0081d8e0                alt_avalon_timer_sc_init
 .text          0x0081d970       0xf8 ../Barbecue_bsp/\libucosii_bsp.a(altera_avalon_uart_fd.o)
                0x0081d970                altera_avalon_uart_read_fd
                0x0081d9c8                altera_avalon_uart_write_fd
                0x0081da20                altera_avalon_uart_close_fd
 .text          0x0081da68      0x57c ../Barbecue_bsp/\libucosii_bsp.a(altera_avalon_uart_init.o)
                0x0081da68                altera_avalon_uart_init
                0x0081df84                altera_avalon_uart_close
 .text          0x0081dfe4      0x368 ../Barbecue_bsp/\libucosii_bsp.a(altera_avalon_uart_read.o)
                0x0081dfe4                altera_avalon_uart_read
 .text          0x0081e34c      0x300 ../Barbecue_bsp/\libucosii_bsp.a(altera_avalon_uart_write.o)
                0x0081e34c                altera_avalon_uart_write
 .text          0x0081e64c      0x180 ../Barbecue_bsp/\libucosii_bsp.a(alt_alarm_start.o)
                0x0081e64c                alt_alarm_start
 .text          0x0081e7cc       0x44 ../Barbecue_bsp/\libucosii_bsp.a(alt_dcache_flush_all.o)
                0x0081e7cc                alt_dcache_flush_all
 .text          0x0081e810      0x114 ../Barbecue_bsp/\libucosii_bsp.a(alt_dev_llist_insert.o)
                0x0081e810                alt_dev_llist_insert
 .text          0x0081e924       0x64 ../Barbecue_bsp/\libucosii_bsp.a(alt_do_ctors.o)
                0x0081e924                _do_ctors
 .text          0x0081e988       0x64 ../Barbecue_bsp/\libucosii_bsp.a(alt_do_dtors.o)
                0x0081e988                _do_dtors
 .text          0x0081e9ec        0x0 ../Barbecue_bsp/\libucosii_bsp.a(alt_exception_entry.o)
 .text          0x0081e9ec       0x30 ../Barbecue_bsp/\libucosii_bsp.a(alt_icache_flush_all.o)
                0x0081e9ec                alt_icache_flush_all
 .text          0x0081ea1c      0x13c ../Barbecue_bsp/\libucosii_bsp.a(alt_io_redirect.o)
                0x0081eae0                alt_io_redirect
 .text          0x0081eb58      0x2c4 ../Barbecue_bsp/\libucosii_bsp.a(alt_open.o)
                0x0081ec34                open
 .text          0x0081ee1c      0x1d4 ../Barbecue_bsp/\libucosii_bsp.a(alt_tick.o)
                0x0081ee1c                alt_alarm_stop
                0x0081eee0                alt_tick
 .text          0x0081eff0      0x118 ../Barbecue_bsp/\libucosii_bsp.a(alt_usleep.o)
                0x0081eff0                usleep
 .text          0x0081f108       0x20 ../Barbecue_bsp/\libucosii_bsp.a(altera_nios2_qsys_irq.o)
                0x0081f108                altera_nios2_qsys_irq_init
 .text          0x0081f128       0xd0 ../Barbecue_bsp/\libucosii_bsp.a(os_cpu_a.o)
                0x0081f128                OSCtxSw
                0x0081f128                OSIntCtxSw
                0x0081f1b4                OSStartHighRdy
                0x0081f1d4                OSStartTsk
 .text          0x0081f1f8      0x448 ../Barbecue_bsp/\libucosii_bsp.a(os_cpu_c.o)
                0x0081f1f8                OSTaskStkInit
                0x0081f508                OSTaskCreateHook
                0x0081f528                OSTaskDelHook
                0x0081f548                OSTaskSwHook
                0x0081f564                OSTaskStatHook
                0x0081f580                OSTimeTickHook
                0x0081f5c8                OSInitHookBegin
                0x0081f5e8                OSInitHookEnd
                0x0081f604                OSTaskIdleHook
                0x0081f620                OSTCBInitHook
 .text          0x0081f640      0x12c ../Barbecue_bsp/\libucosii_bsp.a(alt_busy_sleep.o)
                0x0081f640                alt_busy_sleep
 .text          0x0081f76c       0x94 ../Barbecue_bsp/\libucosii_bsp.a(alt_find_dev.o)
                0x0081f76c                alt_find_dev
 .text          0x0081f800      0x120 ../Barbecue_bsp/\libucosii_bsp.a(alt_find_file.o)
                0x0081f800                alt_find_file
 .text          0x0081f920       0xf4 ../Barbecue_bsp/\libucosii_bsp.a(alt_get_fd.o)
                0x0081f920                alt_get_fd
 .text          0x0081fa14       0x90 ../Barbecue_bsp/\libucosii_bsp.a(alt_icache_flush.o)
                0x0081fa14                alt_icache_flush
 .text          0x0081faa4       0x14 c:/altera/11.1/nios2eds/bin/gnu/h-i686-mingw32/bin/../lib/gcc/nios2-elf/4.1.2/../../../../nios2-elf/lib\libc.a(lib_a-atexit.o)
                0x0081faa4                atexit
 .text          0x0081fab8        0x0 c:/altera/11.1/nios2eds/bin/gnu/h-i686-mingw32/bin/../lib/gcc/nios2-elf/4.1.2/../../../../nios2-elf/lib\libc.a(lib_a-ctype_.o)
 .text          0x0081fab8       0x38 c:/altera/11.1/nios2eds/bin/gnu/h-i686-mingw32/bin/../lib/gcc/nios2-elf/4.1.2/../../../../nios2-elf/lib\libc.a(lib_a-exit.o)
                0x0081fab8                exit
 .text          0x0081faf0       0x74 c:/altera/11.1/nios2eds/bin/gnu/h-i686-mingw32/bin/../lib/gcc/nios2-elf/4.1.2/../../../../nios2-elf/lib\libc.a(lib_a-memcmp.o)
                0x0081faf0                memcmp
 .text          0x0081fb64      0x134 c:/altera/11.1/nios2eds/bin/gnu/h-i686-mingw32/bin/../lib/gcc/nios2-elf/4.1.2/../../../../nios2-elf/lib\libc.a(lib_a-__atexit.o)
                0x0081fb64                __register_exitproc
 .text          0x0081fc98      0x1b4 c:/altera/11.1/nios2eds/bin/gnu/h-i686-mingw32/bin/../lib/gcc/nios2-elf/4.1.2/../../../../nios2-elf/lib\libc.a(lib_a-__call_atexit.o)
                0x0081fc9c                __call_exitprocs
 .text          0x0081fe4c       0x6c ../Barbecue_bsp/\libucosii_bsp.a(alt_exit.o)
                0x0081fe8c                _exit
 *(.gnu.warning.*)
 *(.fini)
                0x0081feb8                PROVIDE (__etext, ABSOLUTE (.))
                0x0081feb8                PROVIDE (_etext, ABSOLUTE (.))
                0x0081feb8                PROVIDE (etext, ABSOLUTE (.))
 *(.eh_frame_hdr)
                0x0081feb8                . = ALIGN (0x4)
                0x0081feb8                PROVIDE (__preinit_array_start, ABSOLUTE (.))
 *(.preinit_array)
                0x0081feb8                PROVIDE (__preinit_array_end, ABSOLUTE (.))
                0x0081feb8                PROVIDE (__init_array_start, ABSOLUTE (.))
 *(.init_array)
                0x0081feb8                PROVIDE (__init_array_end, ABSOLUTE (.))
                0x0081feb8                PROVIDE (__fini_array_start, ABSOLUTE (.))
 *(.fini_array)
                0x0081feb8                PROVIDE (__fini_array_end, ABSOLUTE (.))
 *(.eh_frame)
 .eh_frame      0x0081feb8       0x40 c:/altera/11.1/nios2eds/bin/gnu/h-i686-mingw32/bin/../lib/gcc/nios2-elf/4.1.2\libgcc.a(_udivdi3.o)
 .eh_frame      0x0081fef8       0x2c c:/altera/11.1/nios2eds/bin/gnu/h-i686-mingw32/bin/../lib/gcc/nios2-elf/4.1.2\libgcc.a(_umoddi3.o)
                                 0x40 (size before relaxing)
 *(.gcc_except_table)
 *(.dynamic)
                0x0081ff24                PROVIDE (__CTOR_LIST__, ABSOLUTE (.))
 *(.ctors)
 *(SORT(.ctors.*))
 .ctors.65535   0x0081ff24        0x4 c:/altera/11.1/nios2eds/bin/gnu/h-i686-mingw32/bin/../lib/gcc/nios2-elf/4.1.2/../../../../nios2-elf/lib\libc.a(lib_a-__call_atexit.o)
                0x0081ff28                PROVIDE (__CTOR_END__, ABSOLUTE (.))
                0x0081ff28                PROVIDE (__DTOR_LIST__, ABSOLUTE (.))
 *(.dtors)
 *(SORT(.dtors.*))
                0x0081ff28                PROVIDE (__DTOR_END__, ABSOLUTE (.))
 *(.jcr)
                0x0081ff28                . = ALIGN (0x4)

.rodata         0x0081ff28     0x3490
                0x0081ff28                PROVIDE (__ram_rodata_start, ABSOLUTE (.))
                0x0081ff28                . = ALIGN (0x4)
 *(.rodata .rodata.* .gnu.linkonce.r.*)
 .rodata        0x0081ff28      0x2dc obj/default/main.o
 .rodata        0x00820204      0x62c obj/default/ps2/ps2_keyscan.o
                0x00820204                ps2_keylut
                0x0082028c                ps2_keylut_e0
                0x00820314                ps2_lutNormal
                0x0082037d                ps2_lutShift
                0x008203e6                ps2_lutAltGr
 .rodata        0x00820830       0x70 obj/default/tasks/barbecue.o
 .rodata        0x008208a0       0x80 obj/default/tasks/butcher.o
 .rodata        0x00820920       0xb8 obj/default/tasks/chef.o
 .rodata        0x008209d8       0xbc obj/default/tasks/firefighter.o
 .rodata        0x00820a94       0xbc obj/default/tasks/input.o
 .rodata        0x00820b50      0x234 obj/default/tasks/output.o
 .rodata        0x00820d84       0xf0 obj/default/util.o
 .rodata        0x00820e74     0x1e10 obj/default/vga/vga_font.o
                0x00820e74                font_6x8
                0x00821474                font_12x16
                0x00822c74                fontList
 .rodata        0x00822c84       0x14 c:/altera/11.1/nios2eds/bin/gnu/h-i686-mingw32/bin/../lib/gcc/nios2-elf/4.1.2\libgcc.a(_thenan_df.o)
                0x00822c84                __thenan_df
 .rodata        0x00822c98      0x100 c:/altera/11.1/nios2eds/bin/gnu/h-i686-mingw32/bin/../lib/gcc/nios2-elf/4.1.2\libgcc.a(_clz.o)
                0x00822c98                __clz_tab
 .rodata.str1.4
                0x00822d98        0x2 c:/altera/11.1/nios2eds/bin/gnu/h-i686-mingw32/bin/../lib/gcc/nios2-elf/4.1.2/../../../../nios2-elf/lib\libc.a(lib_a-puts.o)
                                  0x4 (size before relaxing)
 *fill*         0x00822d9a        0x2 00
 .rodata.str1.4
                0x00822d9c       0x5e c:/altera/11.1/nios2eds/bin/gnu/h-i686-mingw32/bin/../lib/gcc/nios2-elf/4.1.2/../../../../nios2-elf/lib\libc.a(lib_a-vfprintf.o)
                                 0x60 (size before relaxing)
 .rodata        0x00822dfa       0x20 c:/altera/11.1/nios2eds/bin/gnu/h-i686-mingw32/bin/../lib/gcc/nios2-elf/4.1.2/../../../../nios2-elf/lib\libc.a(lib_a-vfprintf.o)
 *fill*         0x00822e1a        0x2 00
 .rodata.str1.4
                0x00822e1c       0x10 c:/altera/11.1/nios2eds/bin/gnu/h-i686-mingw32/bin/../lib/gcc/nios2-elf/4.1.2/../../../../nios2-elf/lib\libc.a(lib_a-dtoa.o)
                                 0x14 (size before relaxing)
 .rodata.str1.4
                0x00822e2c        0x2 c:/altera/11.1/nios2eds/bin/gnu/h-i686-mingw32/bin/../lib/gcc/nios2-elf/4.1.2/../../../../nios2-elf/lib\libc.a(lib_a-impure.o)
                                  0x4 (size before relaxing)
 *fill*         0x00822e2e        0x2 00
 .rodata.str1.4
                0x00822e30       0x10 c:/altera/11.1/nios2eds/bin/gnu/h-i686-mingw32/bin/../lib/gcc/nios2-elf/4.1.2/../../../../nios2-elf/lib\libc.a(lib_a-locale.o)
                                 0x18 (size before relaxing)
 .rodata        0x00822e40       0x30 c:/altera/11.1/nios2eds/bin/gnu/h-i686-mingw32/bin/../lib/gcc/nios2-elf/4.1.2/../../../../nios2-elf/lib\libc.a(lib_a-locale.o)
 .rodata        0x00822e70      0x124 c:/altera/11.1/nios2eds/bin/gnu/h-i686-mingw32/bin/../lib/gcc/nios2-elf/4.1.2/../../../../nios2-elf/lib\libc.a(lib_a-mprec.o)
                0x00822e70                __mprec_tens
                0x00822f38                __mprec_bigtens
                0x00822f60                __mprec_tinytens
 .rodata        0x00822f94        0xc ../Barbecue_bsp/\libucosii_bsp.a(alt_dev.o)
 .rodata        0x00822fa0       0x10 ../Barbecue_bsp/\libucosii_bsp.a(alt_main.o)
 .rodata        0x00822fb0      0x120 ../Barbecue_bsp/\libucosii_bsp.a(os_core.o)
                0x00822fb0                OSUnMapTbl
 .rodata        0x008230d0       0x38 ../Barbecue_bsp/\libucosii_bsp.a(os_tmr.o)
 .rodata        0x00823108       0x28 ../Barbecue_bsp/\libucosii_bsp.a(alt_sys_init.o)
 .rodata        0x00823130        0x4 ../Barbecue_bsp/\libucosii_bsp.a(os_cpu_c.o)
 .rodata        0x00823134      0x281 c:/altera/11.1/nios2eds/bin/gnu/h-i686-mingw32/bin/../lib/gcc/nios2-elf/4.1.2/../../../../nios2-elf/lib\libc.a(lib_a-ctype_.o)
                0x00823134                _ctype_
 *(.rodata1)
                0x008233b8                . = ALIGN (0x4)
 *fill*         0x008233b5        0x3 00
                0x008233b8                PROVIDE (__ram_rodata_end, ABSOLUTE (.))
                0x0081ff28                PROVIDE (__flash_rodata_start, LOADADDR (.rodata))

.rwdata         0x008233b8     0x1e84 load address 0x0082523c
                0x008233b8                PROVIDE (__ram_rwdata_start, ABSOLUTE (.))
                0x008233b8                . = ALIGN (0x4)
 *(.got.plt)
 *(.got)
 *(.data1)
 *(.data .data.* .gnu.linkonce.d.*)
 .data          0x008233b8        0x0 ../Barbecue_bsp//obj/HAL/src/crt0.o
 .data          0x008233b8        0x0 obj/default/main.o
 .data          0x008233b8        0x0 obj/default/ps2/ps2.o
 .data          0x008233b8      0x1a4 obj/default/ps2/ps2_keyscan.o
                0x008233b8                ps2_keynames
 .data          0x0082355c        0x0 obj/default/tasks/barbecue.o
 .data          0x0082355c        0x0 obj/default/tasks/butcher.o
 .data          0x0082355c        0x0 obj/default/tasks/chef.o
 .data          0x0082355c        0x0 obj/default/tasks/firefighter.o
 .data          0x0082355c        0x0 obj/default/tasks/input.o
 .data          0x0082355c        0x0 obj/default/tasks/output.o
 .data          0x0082355c        0x0 obj/default/util.o
 .data          0x0082355c        0x0 obj/default/vga/vga.o
 .data          0x0082355c        0x0 obj/default/vga/vga_font.o
 .data          0x0082355c        0x0 c:/altera/11.1/nios2eds/bin/gnu/h-i686-mingw32/bin/../lib/gcc/nios2-elf/4.1.2\libgcc.a(_gt_sf.o)
 .data          0x0082355c        0x0 c:/altera/11.1/nios2eds/bin/gnu/h-i686-mingw32/bin/../lib/gcc/nios2-elf/4.1.2\libgcc.a(_sf_to_si.o)
 .data          0x0082355c        0x0 c:/altera/11.1/nios2eds/bin/gnu/h-i686-mingw32/bin/../lib/gcc/nios2-elf/4.1.2\libgcc.a(_sf_to_df.o)
 .data          0x0082355c        0x0 c:/altera/11.1/nios2eds/bin/gnu/h-i686-mingw32/bin/../lib/gcc/nios2-elf/4.1.2\libgcc.a(_addsub_df.o)
 .data          0x0082355c        0x0 c:/altera/11.1/nios2eds/bin/gnu/h-i686-mingw32/bin/../lib/gcc/nios2-elf/4.1.2\libgcc.a(_mul_df.o)
 .data          0x0082355c        0x0 c:/altera/11.1/nios2eds/bin/gnu/h-i686-mingw32/bin/../lib/gcc/nios2-elf/4.1.2\libgcc.a(_si_to_df.o)
 .data          0x0082355c        0x0 c:/altera/11.1/nios2eds/bin/gnu/h-i686-mingw32/bin/../lib/gcc/nios2-elf/4.1.2\libgcc.a(_make_df.o)
 .data          0x0082355c        0x0 c:/altera/11.1/nios2eds/bin/gnu/h-i686-mingw32/bin/../lib/gcc/nios2-elf/4.1.2\libgcc.a(_df_to_sf.o)
 .data          0x0082355c        0x0 c:/altera/11.1/nios2eds/bin/gnu/h-i686-mingw32/bin/../lib/gcc/nios2-elf/4.1.2\libgcc.a(_thenan_df.o)
 .data          0x0082355c        0x0 c:/altera/11.1/nios2eds/bin/gnu/h-i686-mingw32/bin/../lib/gcc/nios2-elf/4.1.2\libgcc.a(_muldi3.o)
 .data          0x0082355c        0x0 c:/altera/11.1/nios2eds/bin/gnu/h-i686-mingw32/bin/../lib/gcc/nios2-elf/4.1.2\libgcc.a(_clzsi2.o)
 .data          0x0082355c        0x0 c:/altera/11.1/nios2eds/bin/gnu/h-i686-mingw32/bin/../lib/gcc/nios2-elf/4.1.2\libgcc.a(_unpack_sf.o)
 .data          0x0082355c        0x0 c:/altera/11.1/nios2eds/bin/gnu/h-i686-mingw32/bin/../lib/gcc/nios2-elf/4.1.2\libgcc.a(_fpcmp_parts_sf.o)
 .data          0x0082355c        0x0 c:/altera/11.1/nios2eds/bin/gnu/h-i686-mingw32/bin/../lib/gcc/nios2-elf/4.1.2\libgcc.a(_make_sf.o)
 .data          0x0082355c        0x0 c:/altera/11.1/nios2eds/bin/gnu/h-i686-mingw32/bin/../lib/gcc/nios2-elf/4.1.2\libgcc.a(_pack_df.o)
 .data          0x0082355c        0x0 c:/altera/11.1/nios2eds/bin/gnu/h-i686-mingw32/bin/../lib/gcc/nios2-elf/4.1.2\libgcc.a(_unpack_df.o)
 .data          0x0082355c        0x0 c:/altera/11.1/nios2eds/bin/gnu/h-i686-mingw32/bin/../lib/gcc/nios2-elf/4.1.2\libgcc.a(_clz.o)
 .data          0x0082355c        0x0 c:/altera/11.1/nios2eds/bin/gnu/h-i686-mingw32/bin/../lib/gcc/nios2-elf/4.1.2\libgcc.a(_pack_sf.o)
 .data          0x0082355c        0x0 c:/altera/11.1/nios2eds/bin/gnu/h-i686-mingw32/bin/../lib/gcc/nios2-elf/4.1.2/../../../../nios2-elf/lib\libc.a(lib_a-memcpy.o)
 .data          0x0082355c        0x0 c:/altera/11.1/nios2eds/bin/gnu/h-i686-mingw32/bin/../lib/gcc/nios2-elf/4.1.2/../../../../nios2-elf/lib\libc.a(lib_a-memset.o)
 .data          0x0082355c        0x0 c:/altera/11.1/nios2eds/bin/gnu/h-i686-mingw32/bin/../lib/gcc/nios2-elf/4.1.2/../../../../nios2-elf/lib\libc.a(lib_a-printf.o)
 .data          0x0082355c        0x0 c:/altera/11.1/nios2eds/bin/gnu/h-i686-mingw32/bin/../lib/gcc/nios2-elf/4.1.2/../../../../nios2-elf/lib\libc.a(lib_a-puts.o)
 .data          0x0082355c        0x0 c:/altera/11.1/nios2eds/bin/gnu/h-i686-mingw32/bin/../lib/gcc/nios2-elf/4.1.2/../../../../nios2-elf/lib\libc.a(lib_a-sprintf.o)
 .data          0x0082355c        0x0 c:/altera/11.1/nios2eds/bin/gnu/h-i686-mingw32/bin/../lib/gcc/nios2-elf/4.1.2/../../../../nios2-elf/lib\libc.a(lib_a-strcat.o)
 .data          0x0082355c        0x0 c:/altera/11.1/nios2eds/bin/gnu/h-i686-mingw32/bin/../lib/gcc/nios2-elf/4.1.2/../../../../nios2-elf/lib\libc.a(lib_a-strcpy.o)
 .data          0x0082355c        0x0 c:/altera/11.1/nios2eds/bin/gnu/h-i686-mingw32/bin/../lib/gcc/nios2-elf/4.1.2/../../../../nios2-elf/lib\libc.a(lib_a-strlen.o)
 .data          0x0082355c        0x0 c:/altera/11.1/nios2eds/bin/gnu/h-i686-mingw32/bin/../lib/gcc/nios2-elf/4.1.2/../../../../nios2-elf/lib\libc.a(lib_a-vfprintf.o)
 .data          0x0082355c        0x0 c:/altera/11.1/nios2eds/bin/gnu/h-i686-mingw32/bin/../lib/gcc/nios2-elf/4.1.2/../../../../nios2-elf/lib\libc.a(lib_a-wsetup.o)
 .data          0x0082355c        0x0 c:/altera/11.1/nios2eds/bin/gnu/h-i686-mingw32/bin/../lib/gcc/nios2-elf/4.1.2/../../../../nios2-elf/lib\libc.a(lib_a-dtoa.o)
 .data          0x0082355c        0x0 c:/altera/11.1/nios2eds/bin/gnu/h-i686-mingw32/bin/../lib/gcc/nios2-elf/4.1.2/../../../../nios2-elf/lib\libc.a(lib_a-fflush.o)
 .data          0x0082355c        0x0 c:/altera/11.1/nios2eds/bin/gnu/h-i686-mingw32/bin/../lib/gcc/nios2-elf/4.1.2/../../../../nios2-elf/lib\libc.a(lib_a-findfp.o)
 .data          0x0082355c        0x0 c:/altera/11.1/nios2eds/bin/gnu/h-i686-mingw32/bin/../lib/gcc/nios2-elf/4.1.2/../../../../nios2-elf/lib\libc.a(lib_a-freer.o)
 .data          0x0082355c        0x0 c:/altera/11.1/nios2eds/bin/gnu/h-i686-mingw32/bin/../lib/gcc/nios2-elf/4.1.2/../../../../nios2-elf/lib\libc.a(lib_a-fvwrite.o)
 .data          0x0082355c        0x0 c:/altera/11.1/nios2eds/bin/gnu/h-i686-mingw32/bin/../lib/gcc/nios2-elf/4.1.2/../../../../nios2-elf/lib\libc.a(lib_a-fwalk.o)
 .data          0x0082355c      0x400 c:/altera/11.1/nios2eds/bin/gnu/h-i686-mingw32/bin/../lib/gcc/nios2-elf/4.1.2/../../../../nios2-elf/lib\libc.a(lib_a-impure.o)
 .data          0x0082395c        0xc c:/altera/11.1/nios2eds/bin/gnu/h-i686-mingw32/bin/../lib/gcc/nios2-elf/4.1.2/../../../../nios2-elf/lib\libc.a(lib_a-locale.o)
                0x0082395c                __lc_ctype
 .data          0x00823968        0x0 c:/altera/11.1/nios2eds/bin/gnu/h-i686-mingw32/bin/../lib/gcc/nios2-elf/4.1.2/../../../../nios2-elf/lib\libc.a(lib_a-makebuf.o)
 .data          0x00823968      0x408 c:/altera/11.1/nios2eds/bin/gnu/h-i686-mingw32/bin/../lib/gcc/nios2-elf/4.1.2/../../../../nios2-elf/lib\libc.a(lib_a-mallocr.o)
                0x00823968                __malloc_av_
 .data          0x00823d70        0x0 c:/altera/11.1/nios2eds/bin/gnu/h-i686-mingw32/bin/../lib/gcc/nios2-elf/4.1.2/../../../../nios2-elf/lib\libc.a(lib_a-memchr.o)
 .data          0x00823d70        0x0 c:/altera/11.1/nios2eds/bin/gnu/h-i686-mingw32/bin/../lib/gcc/nios2-elf/4.1.2/../../../../nios2-elf/lib\libc.a(lib_a-memmove.o)
 .data          0x00823d70        0x0 c:/altera/11.1/nios2eds/bin/gnu/h-i686-mingw32/bin/../lib/gcc/nios2-elf/4.1.2/../../../../nios2-elf/lib\libc.a(lib_a-mprec.o)
 .data          0x00823d70        0x0 c:/altera/11.1/nios2eds/bin/gnu/h-i686-mingw32/bin/../lib/gcc/nios2-elf/4.1.2/../../../../nios2-elf/lib\libc.a(lib_a-reallocr.o)
 .data          0x00823d70        0x0 c:/altera/11.1/nios2eds/bin/gnu/h-i686-mingw32/bin/../lib/gcc/nios2-elf/4.1.2/../../../../nios2-elf/lib\libc.a(lib_a-s_isinfd.o)
 .data          0x00823d70        0x0 c:/altera/11.1/nios2eds/bin/gnu/h-i686-mingw32/bin/../lib/gcc/nios2-elf/4.1.2/../../../../nios2-elf/lib\libc.a(lib_a-s_isnand.o)
 .data          0x00823d70        0x0 c:/altera/11.1/nios2eds/bin/gnu/h-i686-mingw32/bin/../lib/gcc/nios2-elf/4.1.2/../../../../nios2-elf/lib\libc.a(lib_a-sbrkr.o)
 .data          0x00823d70        0x0 c:/altera/11.1/nios2eds/bin/gnu/h-i686-mingw32/bin/../lib/gcc/nios2-elf/4.1.2/../../../../nios2-elf/lib\libc.a(lib_a-stdio.o)
 .data          0x00823d70        0x0 c:/altera/11.1/nios2eds/bin/gnu/h-i686-mingw32/bin/../lib/gcc/nios2-elf/4.1.2/../../../../nios2-elf/lib\libc.a(lib_a-strcmp.o)
 .data          0x00823d70        0x0 c:/altera/11.1/nios2eds/bin/gnu/h-i686-mingw32/bin/../lib/gcc/nios2-elf/4.1.2/../../../../nios2-elf/lib\libc.a(lib_a-writer.o)
 .data          0x00823d70        0x0 c:/altera/11.1/nios2eds/bin/gnu/h-i686-mingw32/bin/../lib/gcc/nios2-elf/4.1.2/../../../../nios2-elf/lib\libc.a(lib_a-callocr.o)
 .data          0x00823d70        0x0 c:/altera/11.1/nios2eds/bin/gnu/h-i686-mingw32/bin/../lib/gcc/nios2-elf/4.1.2/../../../../nios2-elf/lib\libc.a(lib_a-closer.o)
 .data          0x00823d70        0x0 c:/altera/11.1/nios2eds/bin/gnu/h-i686-mingw32/bin/../lib/gcc/nios2-elf/4.1.2/../../../../nios2-elf/lib\libc.a(lib_a-fclose.o)
 .data          0x00823d70        0x0 c:/altera/11.1/nios2eds/bin/gnu/h-i686-mingw32/bin/../lib/gcc/nios2-elf/4.1.2/../../../../nios2-elf/lib\libc.a(lib_a-fstatr.o)
 .data          0x00823d70        0x0 c:/altera/11.1/nios2eds/bin/gnu/h-i686-mingw32/bin/../lib/gcc/nios2-elf/4.1.2/../../../../nios2-elf/lib\libc.a(lib_a-int_errno.o)
 .data          0x00823d70        0x0 c:/altera/11.1/nios2eds/bin/gnu/h-i686-mingw32/bin/../lib/gcc/nios2-elf/4.1.2/../../../../nios2-elf/lib\libc.a(lib_a-isattyr.o)
 .data          0x00823d70        0x0 c:/altera/11.1/nios2eds/bin/gnu/h-i686-mingw32/bin/../lib/gcc/nios2-elf/4.1.2/../../../../nios2-elf/lib\libc.a(lib_a-lseekr.o)
 .data          0x00823d70        0x0 c:/altera/11.1/nios2eds/bin/gnu/h-i686-mingw32/bin/../lib/gcc/nios2-elf/4.1.2/../../../../nios2-elf/lib\libc.a(lib_a-readr.o)
 .data          0x00823d70        0x0 c:/altera/11.1/nios2eds/bin/gnu/h-i686-mingw32/bin/../lib/gcc/nios2-elf/4.1.2\libgcc.a(_udivdi3.o)
 .data          0x00823d70        0x0 c:/altera/11.1/nios2eds/bin/gnu/h-i686-mingw32/bin/../lib/gcc/nios2-elf/4.1.2\libgcc.a(_umoddi3.o)
 .data          0x00823d70        0x0 c:/altera/11.1/nios2eds/bin/gnu/h-i686-mingw32/bin/../lib/gcc/nios2-elf/4.1.2\libgcc.a(_div_df.o)
 .data          0x00823d70        0x0 c:/altera/11.1/nios2eds/bin/gnu/h-i686-mingw32/bin/../lib/gcc/nios2-elf/4.1.2\libgcc.a(_eq_df.o)
 .data          0x00823d70        0x0 c:/altera/11.1/nios2eds/bin/gnu/h-i686-mingw32/bin/../lib/gcc/nios2-elf/4.1.2\libgcc.a(_ne_df.o)
 .data          0x00823d70        0x0 c:/altera/11.1/nios2eds/bin/gnu/h-i686-mingw32/bin/../lib/gcc/nios2-elf/4.1.2\libgcc.a(_gt_df.o)
 .data          0x00823d70        0x0 c:/altera/11.1/nios2eds/bin/gnu/h-i686-mingw32/bin/../lib/gcc/nios2-elf/4.1.2\libgcc.a(_ge_df.o)
 .data          0x00823d70        0x0 c:/altera/11.1/nios2eds/bin/gnu/h-i686-mingw32/bin/../lib/gcc/nios2-elf/4.1.2\libgcc.a(_lt_df.o)
 .data          0x00823d70        0x0 c:/altera/11.1/nios2eds/bin/gnu/h-i686-mingw32/bin/../lib/gcc/nios2-elf/4.1.2\libgcc.a(_df_to_si.o)
 .data          0x00823d70        0x0 c:/altera/11.1/nios2eds/bin/gnu/h-i686-mingw32/bin/../lib/gcc/nios2-elf/4.1.2\libgcc.a(_usi_to_df.o)
 .data          0x00823d70        0x0 c:/altera/11.1/nios2eds/bin/gnu/h-i686-mingw32/bin/../lib/gcc/nios2-elf/4.1.2\libgcc.a(lib2-divmod.o)
 .data          0x00823d70        0x0 c:/altera/11.1/nios2eds/bin/gnu/h-i686-mingw32/bin/../lib/gcc/nios2-elf/4.1.2\libgcc.a(_fpcmp_parts_df.o)
 .data          0x00823d70        0x0 ../Barbecue_bsp/\libucosii_bsp.a(alt_close.o)
 .data          0x00823d70        0x0 ../Barbecue_bsp/\libucosii_bsp.a(alt_dcache_flush.o)
 .data          0x00823d70      0x1a8 ../Barbecue_bsp/\libucosii_bsp.a(alt_dev.o)
                0x00823d70                alt_dev_null
                0x00823d98                alt_fd_list
 .data          0x00823f18        0x0 ../Barbecue_bsp/\libucosii_bsp.a(alt_errno.o)
 .data          0x00823f18        0x0 ../Barbecue_bsp/\libucosii_bsp.a(alt_fstat.o)
 .data          0x00823f18        0x0 ../Barbecue_bsp/\libucosii_bsp.a(alt_iic.o)
 .data          0x00823f18        0x0 ../Barbecue_bsp/\libucosii_bsp.a(alt_iic_isr_register.o)
 .data          0x00823f18        0x0 ../Barbecue_bsp/\libucosii_bsp.a(alt_irq_entry.o)
 .data          0x00823f18        0x0 ../Barbecue_bsp/\libucosii_bsp.a(alt_irq_handler.o)
 .data          0x00823f18        0x0 ../Barbecue_bsp/\libucosii_bsp.a(alt_irq_vars.o)
 .data          0x00823f18        0x0 ../Barbecue_bsp/\libucosii_bsp.a(alt_isatty.o)
 .data          0x00823f18        0x0 ../Barbecue_bsp/\libucosii_bsp.a(alt_load.o)
 .data          0x00823f18        0x0 ../Barbecue_bsp/\libucosii_bsp.a(alt_lseek.o)
 .data          0x00823f18        0x0 ../Barbecue_bsp/\libucosii_bsp.a(alt_main.o)
 .data          0x00823f18        0x0 ../Barbecue_bsp/\libucosii_bsp.a(alt_read.o)
 .data          0x00823f18        0x0 ../Barbecue_bsp/\libucosii_bsp.a(alt_release_fd.o)
 .data          0x00823f18        0x0 ../Barbecue_bsp/\libucosii_bsp.a(alt_sbrk.o)
 .data          0x00823f18        0x0 ../Barbecue_bsp/\libucosii_bsp.a(alt_write.o)
 .data          0x00823f18        0x0 ../Barbecue_bsp/\libucosii_bsp.a(alt_env_lock.o)
 .data          0x00823f18        0x0 ../Barbecue_bsp/\libucosii_bsp.a(alt_malloc_lock.o)
 .data          0x00823f18        0x0 ../Barbecue_bsp/\libucosii_bsp.a(os_core.o)
 .data          0x00823f18        0x0 ../Barbecue_bsp/\libucosii_bsp.a(os_dbg.o)
 .data          0x00823f18        0x0 ../Barbecue_bsp/\libucosii_bsp.a(os_flag.o)
 .data          0x00823f18        0x0 ../Barbecue_bsp/\libucosii_bsp.a(os_mem.o)
 .data          0x00823f18        0x0 ../Barbecue_bsp/\libucosii_bsp.a(os_mutex.o)
 .data          0x00823f18        0x0 ../Barbecue_bsp/\libucosii_bsp.a(os_q.o)
 .data          0x00823f18        0x0 ../Barbecue_bsp/\libucosii_bsp.a(os_sem.o)
 .data          0x00823f18        0x0 ../Barbecue_bsp/\libucosii_bsp.a(os_task.o)
 .data          0x00823f18        0x0 ../Barbecue_bsp/\libucosii_bsp.a(os_time.o)
 .data          0x00823f18        0x0 ../Barbecue_bsp/\libucosii_bsp.a(os_tmr.o)
 .data          0x00823f18     0x1260 ../Barbecue_bsp/\libucosii_bsp.a(alt_sys_init.o)
 .data          0x00825178        0x0 ../Barbecue_bsp/\libucosii_bsp.a(altera_avalon_jtag_uart_fd.o)
 .data          0x00825178        0x0 ../Barbecue_bsp/\libucosii_bsp.a(altera_avalon_jtag_uart_init.o)
 .data          0x00825178        0x0 ../Barbecue_bsp/\libucosii_bsp.a(altera_avalon_jtag_uart_ioctl.o)
 .data          0x00825178        0x0 ../Barbecue_bsp/\libucosii_bsp.a(altera_avalon_jtag_uart_read.o)
 .data          0x00825178        0x0 ../Barbecue_bsp/\libucosii_bsp.a(altera_avalon_jtag_uart_write.o)
 .data          0x00825178        0x0 ../Barbecue_bsp/\libucosii_bsp.a(altera_avalon_lcd_16207.o)
 .data          0x00825178        0x0 ../Barbecue_bsp/\libucosii_bsp.a(altera_avalon_lcd_16207_fd.o)
 .data          0x00825178        0x0 ../Barbecue_bsp/\libucosii_bsp.a(altera_avalon_timer_sc.o)
 .data          0x00825178        0x0 ../Barbecue_bsp/\libucosii_bsp.a(altera_avalon_uart_fd.o)
 .data          0x00825178        0x0 ../Barbecue_bsp/\libucosii_bsp.a(altera_avalon_uart_init.o)
 .data          0x00825178        0x0 ../Barbecue_bsp/\libucosii_bsp.a(altera_avalon_uart_read.o)
 .data          0x00825178        0x0 ../Barbecue_bsp/\libucosii_bsp.a(altera_avalon_uart_write.o)
 .data          0x00825178        0x0 ../Barbecue_bsp/\libucosii_bsp.a(alt_alarm_start.o)
 .data          0x00825178        0x0 ../Barbecue_bsp/\libucosii_bsp.a(alt_dcache_flush_all.o)
 .data          0x00825178        0x0 ../Barbecue_bsp/\libucosii_bsp.a(alt_dev_llist_insert.o)
 .data          0x00825178        0x0 ../Barbecue_bsp/\libucosii_bsp.a(alt_do_ctors.o)
 .data          0x00825178        0x0 ../Barbecue_bsp/\libucosii_bsp.a(alt_do_dtors.o)
 .data          0x00825178        0x0 ../Barbecue_bsp/\libucosii_bsp.a(alt_exception_entry.o)
 .data          0x00825178        0x0 ../Barbecue_bsp/\libucosii_bsp.a(alt_icache_flush_all.o)
 .data          0x00825178        0x0 ../Barbecue_bsp/\libucosii_bsp.a(alt_io_redirect.o)
 .data          0x00825178        0x0 ../Barbecue_bsp/\libucosii_bsp.a(alt_open.o)
 .data          0x00825178        0x0 ../Barbecue_bsp/\libucosii_bsp.a(alt_tick.o)
 .data          0x00825178        0x0 ../Barbecue_bsp/\libucosii_bsp.a(alt_usleep.o)
 .data          0x00825178        0x0 ../Barbecue_bsp/\libucosii_bsp.a(altera_nios2_qsys_irq.o)
 .data          0x00825178        0x0 ../Barbecue_bsp/\libucosii_bsp.a(os_cpu_a.o)
 .data          0x00825178        0x0 ../Barbecue_bsp/\libucosii_bsp.a(os_cpu_c.o)
 .data          0x00825178        0x0 ../Barbecue_bsp/\libucosii_bsp.a(alt_busy_sleep.o)
 .data          0x00825178        0x0 ../Barbecue_bsp/\libucosii_bsp.a(alt_find_dev.o)
 .data          0x00825178        0x0 ../Barbecue_bsp/\libucosii_bsp.a(alt_find_file.o)
 .data          0x00825178        0x0 ../Barbecue_bsp/\libucosii_bsp.a(alt_get_fd.o)
 .data          0x00825178        0x0 ../Barbecue_bsp/\libucosii_bsp.a(alt_icache_flush.o)
 .data          0x00825178        0x0 c:/altera/11.1/nios2eds/bin/gnu/h-i686-mingw32/bin/../lib/gcc/nios2-elf/4.1.2/../../../../nios2-elf/lib\libc.a(lib_a-atexit.o)
 .data          0x00825178        0x0 c:/altera/11.1/nios2eds/bin/gnu/h-i686-mingw32/bin/../lib/gcc/nios2-elf/4.1.2/../../../../nios2-elf/lib\libc.a(lib_a-ctype_.o)
 .data          0x00825178        0x0 c:/altera/11.1/nios2eds/bin/gnu/h-i686-mingw32/bin/../lib/gcc/nios2-elf/4.1.2/../../../../nios2-elf/lib\libc.a(lib_a-exit.o)
 .data          0x00825178        0x0 c:/altera/11.1/nios2eds/bin/gnu/h-i686-mingw32/bin/../lib/gcc/nios2-elf/4.1.2/../../../../nios2-elf/lib\libc.a(lib_a-memcmp.o)
 .data          0x00825178        0x0 c:/altera/11.1/nios2eds/bin/gnu/h-i686-mingw32/bin/../lib/gcc/nios2-elf/4.1.2/../../../../nios2-elf/lib\libc.a(lib_a-__atexit.o)
 .data          0x00825178        0x0 c:/altera/11.1/nios2eds/bin/gnu/h-i686-mingw32/bin/../lib/gcc/nios2-elf/4.1.2/../../../../nios2-elf/lib\libc.a(lib_a-__call_atexit.o)
 .data          0x00825178        0x0 ../Barbecue_bsp/\libucosii_bsp.a(alt_exit.o)
                0x0082d178                _gp = ABSOLUTE ((. + 0x8000))
                0x0082d178                PROVIDE (gp, _gp)
 *(.rwdata .rwdata.*)
 *(.sdata .sdata.* .gnu.linkonce.s.*)
 .sdata         0x00825178        0x8 c:/altera/11.1/nios2eds/bin/gnu/h-i686-mingw32/bin/../lib/gcc/nios2-elf/4.1.2/../../../../nios2-elf/lib\libc.a(lib_a-impure.o)
                0x00825178                _impure_ptr
                0x0082517c                _global_impure_ptr
 .sdata         0x00825180        0x8 c:/altera/11.1/nios2eds/bin/gnu/h-i686-mingw32/bin/../lib/gcc/nios2-elf/4.1.2/../../../../nios2-elf/lib\libc.a(lib_a-locale.o)
                0x00825180                __mb_cur_max
 .sdata         0x00825188        0x8 c:/altera/11.1/nios2eds/bin/gnu/h-i686-mingw32/bin/../lib/gcc/nios2-elf/4.1.2/../../../../nios2-elf/lib\libc.a(lib_a-mallocr.o)
                0x00825188                __malloc_trim_threshold
                0x0082518c                __malloc_sbrk_base
 .sdata         0x00825190       0x14 ../Barbecue_bsp/\libucosii_bsp.a(alt_dev.o)
                0x00825190                alt_fs_list
                0x00825198                alt_dev_list
                0x008251a0                alt_max_fd
 .sdata         0x008251a4        0x4 ../Barbecue_bsp/\libucosii_bsp.a(alt_errno.o)
                0x008251a4                alt_errno
 .sdata         0x008251a8        0x4 ../Barbecue_bsp/\libucosii_bsp.a(alt_irq_vars.o)
                0x008251a8                alt_priority_mask
 .sdata         0x008251ac        0x4 ../Barbecue_bsp/\libucosii_bsp.a(alt_sbrk.o)
 .sdata         0x008251b0        0x4 ../Barbecue_bsp/\libucosii_bsp.a(alt_env_lock.o)
 .sdata         0x008251b4        0x4 ../Barbecue_bsp/\libucosii_bsp.a(alt_malloc_lock.o)
 .sdata         0x008251b8       0x74 ../Barbecue_bsp/\libucosii_bsp.a(os_dbg.o)
                0x008251b8                OSDebugEn
                0x008251bc                OSEndiannessTest
                0x008251c0                OSEventEn
                0x008251c2                OSEventMax
                0x008251c4                OSEventNameSize
                0x008251c6                OSEventSize
                0x008251c8                OSEventTblSize
                0x008251ca                OSEventMultiEn
                0x008251cc                OSFlagEn
                0x008251ce                OSFlagGrpSize
                0x008251d0                OSFlagNodeSize
                0x008251d2                OSFlagWidth
                0x008251d4                OSFlagMax
                0x008251d6                OSFlagNameSize
                0x008251d8                OSLowestPrio
                0x008251da                OSMboxEn
                0x008251dc                OSMemEn
                0x008251de                OSMemMax
                0x008251e0                OSMemNameSize
                0x008251e2                OSMemSize
                0x008251e4                OSMemTblSize
                0x008251e6                OSMutexEn
                0x008251e8                OSPtrSize
                0x008251ea                OSQEn
                0x008251ec                OSQMax
                0x008251ee                OSQSize
                0x008251f0                OSRdyTblSize
                0x008251f2                OSSemEn
                0x008251f4                OSStkWidth
                0x008251f6                OSTaskCreateEn
                0x008251f8                OSTaskCreateExtEn
                0x008251fa                OSTaskDelEn
                0x008251fc                OSTaskIdleStkSize
                0x008251fe                OSTaskProfileEn
                0x00825200                OSTaskMax
                0x00825202                OSTaskNameSize
                0x00825204                OSTaskStatEn
                0x00825206                OSTaskStatStkSize
                0x00825208                OSTaskStatStkChkEn
                0x0082520a                OSTaskSwHookEn
                0x0082520c                OSTCBPrioTblMax
                0x0082520e                OSTCBSize
                0x00825210                OSTicksPerSec
                0x00825212                OSTimeTickHookEn
                0x00825214                OSVersionNbr
                0x00825216                OSTmrEn
                0x00825218                OSTmrCfgMax
                0x0082521a                OSTmrCfgNameSize
                0x0082521c                OSTmrCfgWheelSize
                0x0082521e                OSTmrCfgTicksPerSec
                0x00825220                OSTmrSize
                0x00825222                OSTmrTblSize
                0x00825224                OSTmrWheelSize
                0x00825226                OSTmrWheelTblSize
                0x00825228                OSDataSize
 .sdata         0x0082522c        0x4 ../Barbecue_bsp/\libucosii_bsp.a(altera_avalon_lcd_16207.o)
 .sdata         0x00825230        0x8 ../Barbecue_bsp/\libucosii_bsp.a(alt_tick.o)
                0x00825230                alt_alarm_list
 .sdata         0x00825238        0x4 c:/altera/11.1/nios2eds/bin/gnu/h-i686-mingw32/bin/../lib/gcc/nios2-elf/4.1.2/../../../../nios2-elf/lib\libc.a(lib_a-ctype_.o)
                0x00825238                __ctype_ptr
 *(.sdata2 .sdata2.* .gnu.linkonce.s2.*)
                0x0082523c                . = ALIGN (0x4)
                0x0082523c                _edata = ABSOLUTE (.)
                0x0082523c                PROVIDE (edata, ABSOLUTE (.))
                0x0082523c                PROVIDE (__ram_rwdata_end, ABSOLUTE (.))
                0x0082523c                PROVIDE (__flash_rwdata_start, LOADADDR (.rwdata))

.bss            0x008270c0    0x5a524
                0x008270c0                __bss_start = ABSOLUTE (.)
                0x008270c0                PROVIDE (__sbss_start, ABSOLUTE (.))
                0x008270c0                PROVIDE (___sbss_start, ABSOLUTE (.))
 *(.dynsbss)
 *(.sbss .sbss.* .gnu.linkonce.sb.*)
 .sbss          0x008270c0        0xe obj/default/main.o
                0x008270c0                firefighter
                0x008270c8                memoryPool
                0x008270cc                grillTemperature
 *fill*         0x008270ce        0x2 00
 .sbss          0x008270d0        0xc obj/default/ps2/ps2.o
                0x008270d0                user_cb
 .sbss          0x008270dc        0x8 obj/default/tasks/butcher.o
                0x008270dc                timerButcher
                0x008270e0                timerSet
 .sbss          0x008270e4        0x1 obj/default/tasks/chef.o
                0x008270e4                counter
 *fill*         0x008270e5        0x3 00
 .sbss          0x008270e8        0x4 obj/default/tasks/output.o
                0x008270e8                firefighterStatus
 .sbss          0x008270ec        0x6 obj/default/vga/vga_font.o
 *fill*         0x008270f2        0x2 00
 .sbss          0x008270f4        0xc c:/altera/11.1/nios2eds/bin/gnu/h-i686-mingw32/bin/../lib/gcc/nios2-elf/4.1.2/../../../../nios2-elf/lib\libc.a(lib_a-locale.o)
                0x008270f4                __nlocale_changed
                0x008270f8                __mlocale_changed
                0x008270fc                _PathLocale
 .sbss          0x00827100        0xc c:/altera/11.1/nios2eds/bin/gnu/h-i686-mingw32/bin/../lib/gcc/nios2-elf/4.1.2/../../../../nios2-elf/lib\libc.a(lib_a-mallocr.o)
                0x00827100                __malloc_top_pad
                0x00827104                __malloc_max_sbrked_mem
                0x00827108                __malloc_max_total_mem
 .sbss          0x0082710c        0x4 c:/altera/11.1/nios2eds/bin/gnu/h-i686-mingw32/bin/../lib/gcc/nios2-elf/4.1.2/../../../../nios2-elf/lib\libc.a(lib_a-int_errno.o)
                0x0082710c                errno
 .sbss          0x00827110        0x4 ../Barbecue_bsp/\libucosii_bsp.a(alt_dev.o)
                0x00827110                alt_fd_list_lock
 .sbss          0x00827114        0x4 ../Barbecue_bsp/\libucosii_bsp.a(alt_irq_vars.o)
                0x00827114                alt_irq_active
 .sbss          0x00827118        0xc ../Barbecue_bsp/\libucosii_bsp.a(alt_main.o)
                0x00827118                alt_argc
                0x0082711c                alt_argv
                0x00827120                alt_envp
 .sbss          0x00827124        0x8 ../Barbecue_bsp/\libucosii_bsp.a(alt_env_lock.o)
                0x00827128                alt_envsem
 .sbss          0x0082712c        0x8 ../Barbecue_bsp/\libucosii_bsp.a(alt_malloc_lock.o)
                0x00827130                alt_heapsem
 .sbss          0x00827134       0x68 ../Barbecue_bsp/\libucosii_bsp.a(os_core.o)
                0x00827134                OSTmrFreeList
                0x00827138                OSLockNesting
                0x0082713c                OSTmrSemSignal
                0x00827140                OSRunning
                0x00827144                OSIdleCtr
                0x00827148                OSTmrUsed
                0x0082714a                OSPrioHighRdy
                0x0082714b                OSPrioCur
                0x0082714c                OSTCBList
                0x00827150                OSTickStepState
                0x00827154                OSCtxSwCtr
                0x00827158                OSTmrFree
                0x0082715c                OSIdleCtrMax
                0x00827160                OSTCBFreeList
                0x00827164                OSCPUUsage
                0x00827165                OSTaskCtr
                0x00827168                OSMemFreeList
                0x0082716c                OSTCBHighRdy
                0x00827170                OSQFreeList
                0x00827174                OSRdyGrp
                0x00827175                OSRdyTbl
                0x00827178                OSEventFreeList
                0x0082717c                OSIntNesting
                0x00827180                OSTCBCur
                0x00827184                OSTmrTime
                0x00827188                OSTime
                0x0082718c                OSTmrSem
                0x00827190                OSFlagFreeList
                0x00827194                OSStatRdy
                0x00827198                OSIdleCtrRun
 .sbss          0x0082719c        0x8 ../Barbecue_bsp/\libucosii_bsp.a(alt_tick.o)
                0x0082719c                _alt_tick_rate
                0x008271a0                _alt_nticks
 .sbss          0x008271a4        0x2 ../Barbecue_bsp/\libucosii_bsp.a(os_cpu_c.o)
 *(.sbss2 .sbss2.* .gnu.linkonce.sb2.*)
 *(.scommon)
                0x008271a6                PROVIDE (__sbss_end, ABSOLUTE (.))
                0x008271a6                PROVIDE (___sbss_end, ABSOLUTE (.))
 *(.dynbss)
 *(.bss .bss.* .gnu.linkonce.b.*)
 .bss           0x008271a6        0x0 ../Barbecue_bsp//obj/HAL/src/crt0.o
 .bss           0x008271a6        0x0 obj/default/main.o
 .bss           0x008271a6        0x0 obj/default/ps2/ps2.o
 .bss           0x008271a6        0x0 obj/default/ps2/ps2_keyscan.o
 .bss           0x008271a6        0x0 obj/default/tasks/barbecue.o
 .bss           0x008271a6        0x0 obj/default/tasks/butcher.o
 .bss           0x008271a6        0x0 obj/default/tasks/chef.o
 .bss           0x008271a6        0x0 obj/default/tasks/firefighter.o
 .bss           0x008271a6        0x0 obj/default/tasks/input.o
 .bss           0x008271a6        0x0 obj/default/tasks/output.o
 .bss           0x008271a6        0x0 obj/default/util.o
 .bss           0x008271a6    0x4b000 obj/default/vga/vga.o
 .bss           0x008721a6        0x0 obj/default/vga/vga_font.o
 .bss           0x008721a6        0x0 c:/altera/11.1/nios2eds/bin/gnu/h-i686-mingw32/bin/../lib/gcc/nios2-elf/4.1.2\libgcc.a(_gt_sf.o)
 .bss           0x008721a6        0x0 c:/altera/11.1/nios2eds/bin/gnu/h-i686-mingw32/bin/../lib/gcc/nios2-elf/4.1.2\libgcc.a(_sf_to_si.o)
 .bss           0x008721a6        0x0 c:/altera/11.1/nios2eds/bin/gnu/h-i686-mingw32/bin/../lib/gcc/nios2-elf/4.1.2\libgcc.a(_sf_to_df.o)
 .bss           0x008721a6        0x0 c:/altera/11.1/nios2eds/bin/gnu/h-i686-mingw32/bin/../lib/gcc/nios2-elf/4.1.2\libgcc.a(_addsub_df.o)
 .bss           0x008721a6        0x0 c:/altera/11.1/nios2eds/bin/gnu/h-i686-mingw32/bin/../lib/gcc/nios2-elf/4.1.2\libgcc.a(_mul_df.o)
 .bss           0x008721a6        0x0 c:/altera/11.1/nios2eds/bin/gnu/h-i686-mingw32/bin/../lib/gcc/nios2-elf/4.1.2\libgcc.a(_si_to_df.o)
 .bss           0x008721a6        0x0 c:/altera/11.1/nios2eds/bin/gnu/h-i686-mingw32/bin/../lib/gcc/nios2-elf/4.1.2\libgcc.a(_make_df.o)
 .bss           0x008721a6        0x0 c:/altera/11.1/nios2eds/bin/gnu/h-i686-mingw32/bin/../lib/gcc/nios2-elf/4.1.2\libgcc.a(_df_to_sf.o)
 .bss           0x008721a6        0x0 c:/altera/11.1/nios2eds/bin/gnu/h-i686-mingw32/bin/../lib/gcc/nios2-elf/4.1.2\libgcc.a(_thenan_df.o)
 .bss           0x008721a6        0x0 c:/altera/11.1/nios2eds/bin/gnu/h-i686-mingw32/bin/../lib/gcc/nios2-elf/4.1.2\libgcc.a(_muldi3.o)
 .bss           0x008721a6        0x0 c:/altera/11.1/nios2eds/bin/gnu/h-i686-mingw32/bin/../lib/gcc/nios2-elf/4.1.2\libgcc.a(_clzsi2.o)
 .bss           0x008721a6        0x0 c:/altera/11.1/nios2eds/bin/gnu/h-i686-mingw32/bin/../lib/gcc/nios2-elf/4.1.2\libgcc.a(_unpack_sf.o)
 .bss           0x008721a6        0x0 c:/altera/11.1/nios2eds/bin/gnu/h-i686-mingw32/bin/../lib/gcc/nios2-elf/4.1.2\libgcc.a(_fpcmp_parts_sf.o)
 .bss           0x008721a6        0x0 c:/altera/11.1/nios2eds/bin/gnu/h-i686-mingw32/bin/../lib/gcc/nios2-elf/4.1.2\libgcc.a(_make_sf.o)
 .bss           0x008721a6        0x0 c:/altera/11.1/nios2eds/bin/gnu/h-i686-mingw32/bin/../lib/gcc/nios2-elf/4.1.2\libgcc.a(_pack_df.o)
 .bss           0x008721a6        0x0 c:/altera/11.1/nios2eds/bin/gnu/h-i686-mingw32/bin/../lib/gcc/nios2-elf/4.1.2\libgcc.a(_unpack_df.o)
 .bss           0x008721a6        0x0 c:/altera/11.1/nios2eds/bin/gnu/h-i686-mingw32/bin/../lib/gcc/nios2-elf/4.1.2\libgcc.a(_clz.o)
 .bss           0x008721a6        0x0 c:/altera/11.1/nios2eds/bin/gnu/h-i686-mingw32/bin/../lib/gcc/nios2-elf/4.1.2\libgcc.a(_pack_sf.o)
 .bss           0x008721a6        0x0 c:/altera/11.1/nios2eds/bin/gnu/h-i686-mingw32/bin/../lib/gcc/nios2-elf/4.1.2/../../../../nios2-elf/lib\libc.a(lib_a-memcpy.o)
 .bss           0x008721a6        0x0 c:/altera/11.1/nios2eds/bin/gnu/h-i686-mingw32/bin/../lib/gcc/nios2-elf/4.1.2/../../../../nios2-elf/lib\libc.a(lib_a-memset.o)
 .bss           0x008721a6        0x0 c:/altera/11.1/nios2eds/bin/gnu/h-i686-mingw32/bin/../lib/gcc/nios2-elf/4.1.2/../../../../nios2-elf/lib\libc.a(lib_a-printf.o)
 .bss           0x008721a6        0x0 c:/altera/11.1/nios2eds/bin/gnu/h-i686-mingw32/bin/../lib/gcc/nios2-elf/4.1.2/../../../../nios2-elf/lib\libc.a(lib_a-puts.o)
 .bss           0x008721a6        0x0 c:/altera/11.1/nios2eds/bin/gnu/h-i686-mingw32/bin/../lib/gcc/nios2-elf/4.1.2/../../../../nios2-elf/lib\libc.a(lib_a-sprintf.o)
 .bss           0x008721a6        0x0 c:/altera/11.1/nios2eds/bin/gnu/h-i686-mingw32/bin/../lib/gcc/nios2-elf/4.1.2/../../../../nios2-elf/lib\libc.a(lib_a-strcat.o)
 .bss           0x008721a6        0x0 c:/altera/11.1/nios2eds/bin/gnu/h-i686-mingw32/bin/../lib/gcc/nios2-elf/4.1.2/../../../../nios2-elf/lib\libc.a(lib_a-strcpy.o)
 .bss           0x008721a6        0x0 c:/altera/11.1/nios2eds/bin/gnu/h-i686-mingw32/bin/../lib/gcc/nios2-elf/4.1.2/../../../../nios2-elf/lib\libc.a(lib_a-strlen.o)
 .bss           0x008721a6        0x0 c:/altera/11.1/nios2eds/bin/gnu/h-i686-mingw32/bin/../lib/gcc/nios2-elf/4.1.2/../../../../nios2-elf/lib\libc.a(lib_a-vfprintf.o)
 .bss           0x008721a6        0x0 c:/altera/11.1/nios2eds/bin/gnu/h-i686-mingw32/bin/../lib/gcc/nios2-elf/4.1.2/../../../../nios2-elf/lib\libc.a(lib_a-wsetup.o)
 .bss           0x008721a6        0x0 c:/altera/11.1/nios2eds/bin/gnu/h-i686-mingw32/bin/../lib/gcc/nios2-elf/4.1.2/../../../../nios2-elf/lib\libc.a(lib_a-dtoa.o)
 .bss           0x008721a6        0x0 c:/altera/11.1/nios2eds/bin/gnu/h-i686-mingw32/bin/../lib/gcc/nios2-elf/4.1.2/../../../../nios2-elf/lib\libc.a(lib_a-fflush.o)
 .bss           0x008721a6        0x0 c:/altera/11.1/nios2eds/bin/gnu/h-i686-mingw32/bin/../lib/gcc/nios2-elf/4.1.2/../../../../nios2-elf/lib\libc.a(lib_a-findfp.o)
 .bss           0x008721a6        0x0 c:/altera/11.1/nios2eds/bin/gnu/h-i686-mingw32/bin/../lib/gcc/nios2-elf/4.1.2/../../../../nios2-elf/lib\libc.a(lib_a-freer.o)
 .bss           0x008721a6        0x0 c:/altera/11.1/nios2eds/bin/gnu/h-i686-mingw32/bin/../lib/gcc/nios2-elf/4.1.2/../../../../nios2-elf/lib\libc.a(lib_a-fvwrite.o)
 .bss           0x008721a6        0x0 c:/altera/11.1/nios2eds/bin/gnu/h-i686-mingw32/bin/../lib/gcc/nios2-elf/4.1.2/../../../../nios2-elf/lib\libc.a(lib_a-fwalk.o)
 .bss           0x008721a6        0x0 c:/altera/11.1/nios2eds/bin/gnu/h-i686-mingw32/bin/../lib/gcc/nios2-elf/4.1.2/../../../../nios2-elf/lib\libc.a(lib_a-impure.o)
 .bss           0x008721a6        0x0 c:/altera/11.1/nios2eds/bin/gnu/h-i686-mingw32/bin/../lib/gcc/nios2-elf/4.1.2/../../../../nios2-elf/lib\libc.a(lib_a-locale.o)
 .bss           0x008721a6        0x0 c:/altera/11.1/nios2eds/bin/gnu/h-i686-mingw32/bin/../lib/gcc/nios2-elf/4.1.2/../../../../nios2-elf/lib\libc.a(lib_a-makebuf.o)
 *fill*         0x008721a6        0x2 00
 .bss           0x008721a8       0x28 c:/altera/11.1/nios2eds/bin/gnu/h-i686-mingw32/bin/../lib/gcc/nios2-elf/4.1.2/../../../../nios2-elf/lib\libc.a(lib_a-mallocr.o)
                0x008721a8                __malloc_current_mallinfo
 .bss           0x008721d0        0x0 c:/altera/11.1/nios2eds/bin/gnu/h-i686-mingw32/bin/../lib/gcc/nios2-elf/4.1.2/../../../../nios2-elf/lib\libc.a(lib_a-memchr.o)
 .bss           0x008721d0        0x0 c:/altera/11.1/nios2eds/bin/gnu/h-i686-mingw32/bin/../lib/gcc/nios2-elf/4.1.2/../../../../nios2-elf/lib\libc.a(lib_a-memmove.o)
 .bss           0x008721d0        0x0 c:/altera/11.1/nios2eds/bin/gnu/h-i686-mingw32/bin/../lib/gcc/nios2-elf/4.1.2/../../../../nios2-elf/lib\libc.a(lib_a-mprec.o)
 .bss           0x008721d0        0x0 c:/altera/11.1/nios2eds/bin/gnu/h-i686-mingw32/bin/../lib/gcc/nios2-elf/4.1.2/../../../../nios2-elf/lib\libc.a(lib_a-reallocr.o)
 .bss           0x008721d0        0x0 c:/altera/11.1/nios2eds/bin/gnu/h-i686-mingw32/bin/../lib/gcc/nios2-elf/4.1.2/../../../../nios2-elf/lib\libc.a(lib_a-s_isinfd.o)
 .bss           0x008721d0        0x0 c:/altera/11.1/nios2eds/bin/gnu/h-i686-mingw32/bin/../lib/gcc/nios2-elf/4.1.2/../../../../nios2-elf/lib\libc.a(lib_a-s_isnand.o)
 .bss           0x008721d0        0x0 c:/altera/11.1/nios2eds/bin/gnu/h-i686-mingw32/bin/../lib/gcc/nios2-elf/4.1.2/../../../../nios2-elf/lib\libc.a(lib_a-sbrkr.o)
 .bss           0x008721d0        0x0 c:/altera/11.1/nios2eds/bin/gnu/h-i686-mingw32/bin/../lib/gcc/nios2-elf/4.1.2/../../../../nios2-elf/lib\libc.a(lib_a-stdio.o)
 .bss           0x008721d0        0x0 c:/altera/11.1/nios2eds/bin/gnu/h-i686-mingw32/bin/../lib/gcc/nios2-elf/4.1.2/../../../../nios2-elf/lib\libc.a(lib_a-strcmp.o)
 .bss           0x008721d0        0x0 c:/altera/11.1/nios2eds/bin/gnu/h-i686-mingw32/bin/../lib/gcc/nios2-elf/4.1.2/../../../../nios2-elf/lib\libc.a(lib_a-writer.o)
 .bss           0x008721d0        0x0 c:/altera/11.1/nios2eds/bin/gnu/h-i686-mingw32/bin/../lib/gcc/nios2-elf/4.1.2/../../../../nios2-elf/lib\libc.a(lib_a-callocr.o)
 .bss           0x008721d0        0x0 c:/altera/11.1/nios2eds/bin/gnu/h-i686-mingw32/bin/../lib/gcc/nios2-elf/4.1.2/../../../../nios2-elf/lib\libc.a(lib_a-closer.o)
 .bss           0x008721d0        0x0 c:/altera/11.1/nios2eds/bin/gnu/h-i686-mingw32/bin/../lib/gcc/nios2-elf/4.1.2/../../../../nios2-elf/lib\libc.a(lib_a-fclose.o)
 .bss           0x008721d0        0x0 c:/altera/11.1/nios2eds/bin/gnu/h-i686-mingw32/bin/../lib/gcc/nios2-elf/4.1.2/../../../../nios2-elf/lib\libc.a(lib_a-fstatr.o)
 .bss           0x008721d0        0x0 c:/altera/11.1/nios2eds/bin/gnu/h-i686-mingw32/bin/../lib/gcc/nios2-elf/4.1.2/../../../../nios2-elf/lib\libc.a(lib_a-int_errno.o)
 .bss           0x008721d0        0x0 c:/altera/11.1/nios2eds/bin/gnu/h-i686-mingw32/bin/../lib/gcc/nios2-elf/4.1.2/../../../../nios2-elf/lib\libc.a(lib_a-isattyr.o)
 .bss           0x008721d0        0x0 c:/altera/11.1/nios2eds/bin/gnu/h-i686-mingw32/bin/../lib/gcc/nios2-elf/4.1.2/../../../../nios2-elf/lib\libc.a(lib_a-lseekr.o)
 .bss           0x008721d0        0x0 c:/altera/11.1/nios2eds/bin/gnu/h-i686-mingw32/bin/../lib/gcc/nios2-elf/4.1.2/../../../../nios2-elf/lib\libc.a(lib_a-readr.o)
 .bss           0x008721d0        0x0 c:/altera/11.1/nios2eds/bin/gnu/h-i686-mingw32/bin/../lib/gcc/nios2-elf/4.1.2\libgcc.a(_udivdi3.o)
 .bss           0x008721d0        0x0 c:/altera/11.1/nios2eds/bin/gnu/h-i686-mingw32/bin/../lib/gcc/nios2-elf/4.1.2\libgcc.a(_umoddi3.o)
 .bss           0x008721d0        0x0 c:/altera/11.1/nios2eds/bin/gnu/h-i686-mingw32/bin/../lib/gcc/nios2-elf/4.1.2\libgcc.a(_div_df.o)
 .bss           0x008721d0        0x0 c:/altera/11.1/nios2eds/bin/gnu/h-i686-mingw32/bin/../lib/gcc/nios2-elf/4.1.2\libgcc.a(_eq_df.o)
 .bss           0x008721d0        0x0 c:/altera/11.1/nios2eds/bin/gnu/h-i686-mingw32/bin/../lib/gcc/nios2-elf/4.1.2\libgcc.a(_ne_df.o)
 .bss           0x008721d0        0x0 c:/altera/11.1/nios2eds/bin/gnu/h-i686-mingw32/bin/../lib/gcc/nios2-elf/4.1.2\libgcc.a(_gt_df.o)
 .bss           0x008721d0        0x0 c:/altera/11.1/nios2eds/bin/gnu/h-i686-mingw32/bin/../lib/gcc/nios2-elf/4.1.2\libgcc.a(_ge_df.o)
 .bss           0x008721d0        0x0 c:/altera/11.1/nios2eds/bin/gnu/h-i686-mingw32/bin/../lib/gcc/nios2-elf/4.1.2\libgcc.a(_lt_df.o)
 .bss           0x008721d0        0x0 c:/altera/11.1/nios2eds/bin/gnu/h-i686-mingw32/bin/../lib/gcc/nios2-elf/4.1.2\libgcc.a(_df_to_si.o)
 .bss           0x008721d0        0x0 c:/altera/11.1/nios2eds/bin/gnu/h-i686-mingw32/bin/../lib/gcc/nios2-elf/4.1.2\libgcc.a(_usi_to_df.o)
 .bss           0x008721d0        0x0 c:/altera/11.1/nios2eds/bin/gnu/h-i686-mingw32/bin/../lib/gcc/nios2-elf/4.1.2\libgcc.a(lib2-divmod.o)
 .bss           0x008721d0        0x0 c:/altera/11.1/nios2eds/bin/gnu/h-i686-mingw32/bin/../lib/gcc/nios2-elf/4.1.2\libgcc.a(_fpcmp_parts_df.o)
 .bss           0x008721d0        0x0 ../Barbecue_bsp/\libucosii_bsp.a(alt_close.o)
 .bss           0x008721d0        0x0 ../Barbecue_bsp/\libucosii_bsp.a(alt_dcache_flush.o)
 .bss           0x008721d0        0x0 ../Barbecue_bsp/\libucosii_bsp.a(alt_dev.o)
 .bss           0x008721d0        0x0 ../Barbecue_bsp/\libucosii_bsp.a(alt_errno.o)
 .bss           0x008721d0        0x0 ../Barbecue_bsp/\libucosii_bsp.a(alt_fstat.o)
 .bss           0x008721d0        0x0 ../Barbecue_bsp/\libucosii_bsp.a(alt_iic.o)
 .bss           0x008721d0        0x0 ../Barbecue_bsp/\libucosii_bsp.a(alt_iic_isr_register.o)
 .bss           0x008721d0        0x0 ../Barbecue_bsp/\libucosii_bsp.a(alt_irq_entry.o)
 .bss           0x008721d0        0x0 ../Barbecue_bsp/\libucosii_bsp.a(alt_irq_handler.o)
 .bss           0x008721d0        0x0 ../Barbecue_bsp/\libucosii_bsp.a(alt_irq_vars.o)
 .bss           0x008721d0        0x0 ../Barbecue_bsp/\libucosii_bsp.a(alt_isatty.o)
 .bss           0x008721d0        0x0 ../Barbecue_bsp/\libucosii_bsp.a(alt_load.o)
 .bss           0x008721d0        0x0 ../Barbecue_bsp/\libucosii_bsp.a(alt_lseek.o)
 .bss           0x008721d0        0x0 ../Barbecue_bsp/\libucosii_bsp.a(alt_main.o)
 .bss           0x008721d0        0x0 ../Barbecue_bsp/\libucosii_bsp.a(alt_read.o)
 .bss           0x008721d0        0x0 ../Barbecue_bsp/\libucosii_bsp.a(alt_release_fd.o)
 .bss           0x008721d0        0x0 ../Barbecue_bsp/\libucosii_bsp.a(alt_sbrk.o)
 .bss           0x008721d0        0x0 ../Barbecue_bsp/\libucosii_bsp.a(alt_write.o)
 .bss           0x008721d0        0x0 ../Barbecue_bsp/\libucosii_bsp.a(alt_env_lock.o)
 .bss           0x008721d0        0x0 ../Barbecue_bsp/\libucosii_bsp.a(alt_malloc_lock.o)
 .bss           0x008721d0        0x0 ../Barbecue_bsp/\libucosii_bsp.a(os_core.o)
 .bss           0x008721d0        0x0 ../Barbecue_bsp/\libucosii_bsp.a(os_dbg.o)
 .bss           0x008721d0        0x0 ../Barbecue_bsp/\libucosii_bsp.a(os_flag.o)
 .bss           0x008721d0        0x0 ../Barbecue_bsp/\libucosii_bsp.a(os_mem.o)
 .bss           0x008721d0        0x0 ../Barbecue_bsp/\libucosii_bsp.a(os_mutex.o)
 .bss           0x008721d0        0x0 ../Barbecue_bsp/\libucosii_bsp.a(os_q.o)
 .bss           0x008721d0        0x0 ../Barbecue_bsp/\libucosii_bsp.a(os_sem.o)
 .bss           0x008721d0        0x0 ../Barbecue_bsp/\libucosii_bsp.a(os_task.o)
 .bss           0x008721d0        0x0 ../Barbecue_bsp/\libucosii_bsp.a(os_time.o)
 .bss           0x008721d0        0x0 ../Barbecue_bsp/\libucosii_bsp.a(os_tmr.o)
 .bss           0x008721d0        0x0 ../Barbecue_bsp/\libucosii_bsp.a(alt_sys_init.o)
 .bss           0x008721d0        0x0 ../Barbecue_bsp/\libucosii_bsp.a(altera_avalon_jtag_uart_fd.o)
 .bss           0x008721d0        0x0 ../Barbecue_bsp/\libucosii_bsp.a(altera_avalon_jtag_uart_init.o)
 .bss           0x008721d0        0x0 ../Barbecue_bsp/\libucosii_bsp.a(altera_avalon_jtag_uart_ioctl.o)
 .bss           0x008721d0        0x0 ../Barbecue_bsp/\libucosii_bsp.a(altera_avalon_jtag_uart_read.o)
 .bss           0x008721d0        0x0 ../Barbecue_bsp/\libucosii_bsp.a(altera_avalon_jtag_uart_write.o)
 .bss           0x008721d0        0x0 ../Barbecue_bsp/\libucosii_bsp.a(altera_avalon_lcd_16207.o)
 .bss           0x008721d0        0x0 ../Barbecue_bsp/\libucosii_bsp.a(altera_avalon_lcd_16207_fd.o)
 .bss           0x008721d0        0x0 ../Barbecue_bsp/\libucosii_bsp.a(altera_avalon_timer_sc.o)
 .bss           0x008721d0        0x0 ../Barbecue_bsp/\libucosii_bsp.a(altera_avalon_uart_fd.o)
 .bss           0x008721d0        0x0 ../Barbecue_bsp/\libucosii_bsp.a(altera_avalon_uart_init.o)
 .bss           0x008721d0        0x0 ../Barbecue_bsp/\libucosii_bsp.a(altera_avalon_uart_read.o)
 .bss           0x008721d0        0x0 ../Barbecue_bsp/\libucosii_bsp.a(altera_avalon_uart_write.o)